Archive member included because of file (symbol)

C:\Program Files (x86)\VEX Robotics\VEXcode Pro V5\sdk/vexv5\libv5rt.a(v5_startup.c.obj)
                              (vexStartup)
C:\Program Files (x86)\VEX Robotics\VEXcode Pro V5\sdk/vexv5\libv5rt.a(v5_util.c.obj)
                              C:\Program Files (x86)\VEX Robotics\VEXcode Pro V5\sdk/vexv5\libv5rt.a(v5_startup.c.obj) (vexStdlibVersionLinked)
C:\Program Files (x86)\VEX Robotics\VEXcode Pro V5\sdk/vexv5\libv5rt.a(v5_apijump.c.obj)
                              C:\Program Files (x86)\VEX Robotics\VEXcode Pro V5\sdk/vexv5\libv5rt.a(v5_startup.c.obj) (vexPrivateApiEnable)
C:\Program Files (x86)\VEX Robotics\VEXcode Pro V5\sdk/vexv5\libv5rt.a(v5_apiuser.c.obj)
                              build/src/main.o (vexDelay)
C:\Program Files (x86)\VEX Robotics\VEXcode Pro V5\sdk/vexv5\libv5rt.a(v5_apiversions.c.obj)
                              C:\Program Files (x86)\VEX Robotics\VEXcode Pro V5\sdk/vexv5\libv5rt.a(v5_apijump.c.obj) (vexSystemVersion)
C:\Program Files (x86)\VEX Robotics\VEXcode Pro V5\sdk/vexv5\libv5rt.a(vex_global.cpp.obj)
                              build/src/main.o (vex::wait(double, vex::timeUnits))
C:\Program Files (x86)\VEX Robotics\VEXcode Pro V5\sdk/vexv5\libv5rt.a(vex_motor.cpp.obj)
                              build/src/robot-config.o (vex::motor::~motor())
C:\Program Files (x86)\VEX Robotics\VEXcode Pro V5\sdk/vexv5\libv5rt.a(vex_vision.cpp.obj)
                              build/src/finalAuto.o (vex::vision::~vision())
C:\Program Files (x86)\VEX Robotics\VEXcode Pro V5\sdk/vexv5\libv5rt.a(vex_imu.cpp.obj)
                              build/src/autoFunctions.o (vex::inertial::setRotation(double, vex::rotationUnits))
C:\Program Files (x86)\VEX Robotics\VEXcode Pro V5\sdk/vexv5\libv5rt.a(vex_optical.cpp.obj)
                              build/src/robot-config.o (vex::optical::~optical())
C:\Program Files (x86)\VEX Robotics\VEXcode Pro V5\sdk/vexv5\libv5rt.a(vex_distance.cpp.obj)
                              build/src/robot-config.o (vex::distance::~distance())
C:\Program Files (x86)\VEX Robotics\VEXcode Pro V5\sdk/vexv5\libv5rt.a(vex_controller.cpp.obj)
                              build/src/robot-config.o (vex::controller::~controller())
C:\Program Files (x86)\VEX Robotics\VEXcode Pro V5\sdk/vexv5\libv5rt.a(vex_task.cpp.obj)
                              build/src/main.o (vex::task::task(int (*)()))
C:\Program Files (x86)\VEX Robotics\VEXcode Pro V5\sdk/vexv5\libv5rt.a(vex_thread.cpp.obj)
                              build/src/main.o (vex::thread::thread(int (*)()))
C:\Program Files (x86)\VEX Robotics\VEXcode Pro V5\sdk/vexv5\libv5rt.a(vex_event.cpp.obj)
                              C:\Program Files (x86)\VEX Robotics\VEXcode Pro V5\sdk/vexv5\libv5rt.a(vex_imu.cpp.obj) (vex::event::init(unsigned long, unsigned long, void (*)()))
C:\Program Files (x86)\VEX Robotics\VEXcode Pro V5\sdk/vexv5\libv5rt.a(vex_mevent.cpp.obj)
                              C:\Program Files (x86)\VEX Robotics\VEXcode Pro V5\sdk/vexv5\libv5rt.a(vex_controller.cpp.obj) (vex::mevent::mevent(unsigned long, unsigned long))
C:\Program Files (x86)\VEX Robotics\VEXcode Pro V5\sdk/vexv5\libv5rt.a(vex_brain.cpp.obj)
                              build/src/main.o (vex::brain::lcd::setFont(vex::fontType))
C:\Program Files (x86)\VEX Robotics\VEXcode Pro V5\sdk/vexv5\libv5rt.a(vex_competition.cpp.obj)
                              build/src/main.o (vex::competition::competition())
C:\Program Files (x86)\VEX Robotics\VEXcode Pro V5\sdk/vexv5\libv5rt.a(vex_triport.cpp.obj)
                              C:\Program Files (x86)\VEX Robotics\VEXcode Pro V5\sdk/vexv5\libv5rt.a(vex_brain.cpp.obj) (vex::triport::~triport())
C:\Program Files (x86)\VEX Robotics\VEXcode Pro V5\sdk/vexv5\libv5rt.a(vex_color.cpp.obj)
                              build/src/main.o (vex::color::~color())
C:\Program Files (x86)\VEX Robotics\VEXcode Pro V5\sdk/vexv5\libv5rt.a(vex_timer.cpp.obj)
                              C:\Program Files (x86)\VEX Robotics\VEXcode Pro V5\sdk/vexv5\libv5rt.a(vex_brain.cpp.obj) (vex::timer::~timer())
C:\Program Files (x86)\VEX Robotics\VEXcode Pro V5\sdk/vexv5\libv5rt.a(vex_device.cpp.obj)
                              C:\Program Files (x86)\VEX Robotics\VEXcode Pro V5\sdk/vexv5\libv5rt.a(vex_motor.cpp.obj) (vex::device::~device())
C:\Program Files (x86)\VEX Robotics\VEXcode Pro V5\sdk/vexv5/gcc/libs\libc.a(lib_a-aeabi_memcpy.o)
                              build/src/finalAuto.o (__aeabi_memcpy8)
C:\Program Files (x86)\VEX Robotics\VEXcode Pro V5\sdk/vexv5/gcc/libs\libc.a(lib_a-fini.o)
                              C:\Program Files (x86)\VEX Robotics\VEXcode Pro V5\sdk/vexv5\libv5rt.a(v5_startup.c.obj) (__libc_fini_array)
C:\Program Files (x86)\VEX Robotics\VEXcode Pro V5\sdk/vexv5/gcc/libs\libc.a(lib_a-impure.o)
                              C:\Program Files (x86)\VEX Robotics\VEXcode Pro V5\sdk/vexv5\libv5rt.a(v5_startup.c.obj) (_impure_ptr)
[...]
Memory Configuration

Name             Origin             Length             Attributes
ps7_ddr_0_S_AXI_BASEADDR 0x03800000         0x04800000
*default*        0x00000000         0xffffffff

Linker script and memory map

                0x00002000                _STACK_SIZE = DEFINED (_STACK_SIZE)?_STACK_SIZE:0x2000
                0x00100000                _HEAP_SIZE = DEFINED (_HEAP_SIZE)?_HEAP_SIZE:0x100000
                0x00000400                _ABORT_STACK_SIZE = DEFINED (_ABORT_STACK_SIZE)?_ABORT_STACK_SIZE:0x400
                0x00000800                _SUPERVISOR_STACK_SIZE = DEFINED (_SUPERVISOR_STACK_SIZE)?_SUPERVISOR_STACK_SIZE:0x800
                0x00000400                _IRQ_STACK_SIZE = DEFINED (_IRQ_STACK_SIZE)?_IRQ_STACK_SIZE:0x400
                0x00000400                _FIQ_STACK_SIZE = DEFINED (_FIQ_STACK_SIZE)?_FIQ_STACK_SIZE:0x400
                0x00000400                _UNDEF_STACK_SIZE = DEFINED (_UNDEF_STACK_SIZE)?_UNDEF_STACK_SIZE:0x400

.text           0x03800000     0x66b8
 *(.vectors)
 *(.boot_data)
 .boot_data     0x03800000       0x20 C:\Program Files (x86)\VEX Robotics\VEXcode Pro V5\sdk/vexv5\libv5rt.a(v5_startup.c.obj)
                0x03800000                vexCodeSig
                0x00000020                . = 0x20
 *(.boot)
 .boot          0x03800020       0xbc C:\Program Files (x86)\VEX Robotics\VEXcode Pro V5\sdk/vexv5\libv5rt.a(v5_startup.c.obj)
                0x03800020                vexStartup
                0x03800100                . = ALIGN (0x40)
 *fill*         0x038000dc       0x24 
 *(.freertos_vectors)
 *(.text)
 *(.text.*)
 .text._Z10autonomousv
                0x03800100       0x20 build/src/main.o
                0x03800100                autonomous()
 .text._Z15betterBallColorv
                0x03800120       0xec build/src/main.o
                0x03800120                betterBallColor()
 .text._Z11brainScreenv
                0x0380020c      0x1cc build/src/main.o
                0x0380020c                brainScreen()
 .text._Z9pre_autonv
                0x038003d8       0x44 build/src/main.o
                0x038003d8                pre_auton()
 *fill*         0x0380041c        0x4 
 .text._Z8buttonL1v
                0x03800420       0xf8 build/src/main.o
                0x03800420                buttonL1()
 .text._Z8buttonL2v
                0x03800518       0xf8 build/src/main.o
                0x03800518                buttonL2()
 .text._Z8buttonR1v
                0x03800610      0x120 build/src/main.o
                0x03800610                buttonR1()
 .text._Z8buttonR2v
                0x03800730      0x138 build/src/main.o
                0x03800730                buttonR2()
 .text._Z11usercontrolv
                0x03800868      0x290 build/src/main.o
                0x03800868                usercontrol()
 .text.main     0x03800af8       0xe8 build/src/main.o
                0x03800af8                main
 .text._GLOBAL__sub_I_main.cpp
                0x03800be0      0x1c8 build/src/main.o
 .text._Z6avgEncv
                0x03800da8       0x6c build/src/autoFunctions.o
                0x03800da8                avgEnc()
 .text._Z8resetEncv
                0x03800e14       0x30 build/src/autoFunctions.o
                0x03800e14                resetEnc()
 .text._Z10DriveBreakv
                0x03800e44       0x58 build/src/autoFunctions.o
                0x03800e44                DriveBreak()
 .text._Z14Inertial_resetv
                0x03800e9c       0x70 build/src/autoFunctions.o
                0x03800e9c                Inertial_reset()
 .text._Z17Inertail_rotationv
                0x03800f0c       0x6c build/src/autoFunctions.o
                0x03800f0c                Inertail_rotation()
 .text._Z15ForwardIntakePDdfffd
                0x03800f78      0x250 build/src/autoFunctions.o
                0x03800f78                ForwardIntakePD(double, float, float, float, double)
 .text._Z10BackwardPDdffd
                0x038011c8      0x210 build/src/autoFunctions.o
                0x038011c8                BackwardPD(double, float, float, double)
 .text._Z11BackwardNPDdffd
                0x038013d8      0x160 build/src/autoFunctions.o
                0x038013d8                BackwardNPD(double, float, float, double)
 .text._Z11TurnRightPDdff
                0x03801538      0x15c build/src/autoFunctions.o
                0x03801538                TurnRightPD(double, float, float)
 .text._Z6insucki
                0x03801694       0x70 build/src/autoFunctions.o
                0x03801694                insuck(int)
 *fill*         0x03801704        0x4 
 .text._Z7flipouti
                0x03801708       0xa8 build/src/autoFunctions.o
                0x03801708                flipout(int)
 .text._Z6cycleMi
                0x038017b0       0xe8 build/src/autoFunctions.o
                0x038017b0                cycleM(int)
 .text._Z19SlipForwardIntakePDdfffdd
                0x03801898      0x308 build/src/autoFunctions.o
                0x03801898                SlipForwardIntakePD(double, float, float, float, double, double)
 .text._Z23distanceForwardIntakePDdfffd
                0x03801ba0      0x288 build/src/autoFunctions.o
                0x03801ba0                distanceForwardIntakePD(double, float, float, float, double)
 .text._Z11vexcodeInitv
                0x03801e28        0x4 build/src/robot-config.o
                0x03801e28                vexcodeInit()
 .text._GLOBAL__sub_I_robot_config.cpp
                0x03801e2c      0x3b0 build/src/robot-config.o
 .text._ZN3vex6visionC2IJNS0_9signatureES2_S2_S2_S2_S2_S2_EEElhDpRT_
                0x038021dc       0x64 build/src/finalAuto.o
                0x038021dc                vex::vision::vision<vex::vision::signature, vex::vision::signature, vex::vision::signature, vex::vision::signature, vex::vision::signature, vex::vision::signature, vex::vision::signature>(long, unsigned char, vex::vision::signature&, vex::vision::signature&, vex::vision::signature&, vex::vision::signature&, vex::vision::signature&, vex::vision::signature&, vex::vision::signature&)
 .text._Z7worldsWv
                0x03802240      0x488 build/src/finalAuto.o
                0x03802240                worldsW()
 .text._ZN3vex6vision7_setsigINS0_9signatureEJS2_S2_S2_S2_EEEvRT_DpRT0_
                0x038026c8       0x4c build/src/finalAuto.o
                0x038026c8                void vex::vision::_setsig<vex::vision::signature, vex::vision::signature, vex::vision::signature, vex::vision::signature, vex::vision::signature>(vex::vision::signature&, vex::vision::signature&, vex::vision::signature&, vex::vision::signature&, vex::vision::signature&)
 .text._GLOBAL__sub_I_finalAuto.cpp
                0x03802714      0x284 build/src/finalAuto.o
 .text.vexMain  0x03802998       0xb0 C:\Program Files (x86)\VEX Robotics\VEXcode Pro V5\sdk/vexv5\libv5rt.a(v5_startup.c.obj)
                0x03802998                vexMain
 .text.__vex_function_prolog
                0x03802a48       0x18 C:\Program Files (x86)\VEX Robotics\VEXcode Pro V5\sdk/vexv5\libv5rt.a(v5_startup.c.obj)
                0x03802a48                __vex_function_prolog
 .text._init    0x03802a60        0x4 C:\Program Files (x86)\VEX Robotics\VEXcode Pro V5\sdk/vexv5\libv5rt.a(v5_startup.c.obj)
                0x03802a60                _init
 .text._fini    0x03802a64        0x4 C:\Program Files (x86)\VEX Robotics\VEXcode Pro V5\sdk/vexv5\libv5rt.a(v5_startup.c.obj)
                0x03802a64                _fini
 .text.vexStdlibVersionLinked
                0x03802a68        0xc C:\Program Files (x86)\VEX Robotics\VEXcode Pro V5\sdk/vexv5\libv5rt.a(v5_util.c.obj)
                0x03802a68                vexStdlibVersionLinked
 .text.vexStdlibVersionVerify
                0x03802a74       0x30 C:\Program Files (x86)\VEX Robotics\VEXcode Pro V5\sdk/vexv5\libv5rt.a(v5_util.c.obj)
                0x03802a74                vexStdlibVersionVerify
 .text.vexPrivateApiEnable
                0x03802aa4       0x10 C:\Program Files (x86)\VEX Robotics\VEXcode Pro V5\sdk/vexv5\libv5rt.a(v5_apijump.c.obj)
                0x03802aa4                vexPrivateApiEnable
 .text.vexStdlibMismatchError
                0x03802ab4       0x3c C:\Program Files (x86)\VEX Robotics\VEXcode Pro V5\sdk/vexv5\libv5rt.a(v5_apijump.c.obj)
                0x03802ab4                vexStdlibMismatchError
 .text.vexScratchMemoryPtr
                0x03802af0       0x30 C:\Program Files (x86)\VEX Robotics\VEXcode Pro V5\sdk/vexv5\libv5rt.a(v5_apijump.c.obj)
                0x03802af0                vexScratchMemoryPtr
 .text.vexTaskAdd
                0x03802b20       0x10 C:\Program Files (x86)\VEX Robotics\VEXcode Pro V5\sdk/vexv5\libv5rt.a(v5_apijump.c.obj)
                0x03802b20                vexTaskAdd
 .text.vexTasksRun
                0x03802b30       0x10 C:\Program Files (x86)\VEX Robotics\VEXcode Pro V5\sdk/vexv5\libv5rt.a(v5_apijump.c.obj)
                0x03802b30                vexTasksRun
 .text.vexTaskYield
                0x03802b40       0x10 C:\Program Files (x86)\VEX Robotics\VEXcode Pro V5\sdk/vexv5\libv5rt.a(v5_apijump.c.obj)
                0x03802b40                vexTaskYield
 .text.vexTaskCheckTimeslice
                0x03802b50       0x10 C:\Program Files (x86)\VEX Robotics\VEXcode Pro V5\sdk/vexv5\libv5rt.a(v5_apijump.c.obj)
                0x03802b50                vexTaskCheckTimeslice
 .text.vexTaskSleep
                0x03802b60       0x10 C:\Program Files (x86)\VEX Robotics\VEXcode Pro V5\sdk/vexv5\libv5rt.a(v5_apijump.c.obj)
                0x03802b60                vexTaskSleep
 .text.vexTasksDump
                0x03802b70       0x1c C:\Program Files (x86)\VEX Robotics\VEXcode Pro V5\sdk/vexv5\libv5rt.a(v5_apijump.c.obj)
                0x03802b70                vexTasksDump
 .text.vexTaskGetTaskIndex
                0x03802b8c       0x10 C:\Program Files (x86)\VEX Robotics\VEXcode Pro V5\sdk/vexv5\libv5rt.a(v5_apijump.c.obj)
                0x03802b8c                vexTaskGetTaskIndex
 .text.vexTaskStopAll
                0x03802b9c       0x10 C:\Program Files (x86)\VEX Robotics\VEXcode Pro V5\sdk/vexv5\libv5rt.a(v5_apijump.c.obj)
                0x03802b9c                vexTaskStopAll
 .text.vexTaskRemoveAllUser
                0x03802bac       0x34 C:\Program Files (x86)\VEX Robotics\VEXcode Pro V5\sdk/vexv5\libv5rt.a(v5_apijump.c.obj)
                0x03802bac                vexTaskRemoveAllUser
 .text.vexTaskCompletionIdSet
                0x03802be0       0x10 C:\Program Files (x86)\VEX Robotics\VEXcode Pro V5\sdk/vexv5\libv5rt.a(v5_apijump.c.obj)
                0x03802be0                vexTaskCompletionIdSet
 .text.vexTaskStopWithId
                0x03802bf0       0x10 C:\Program Files (x86)\VEX Robotics\VEXcode Pro V5\sdk/vexv5\libv5rt.a(v5_apijump.c.obj)
                0x03802bf0                vexTaskStopWithId
 .text.vexEventAdd
                0x03802c00       0x34 C:\Program Files (x86)\VEX Robotics\VEXcode Pro V5\sdk/vexv5\libv5rt.a(v5_apijump.c.obj)
                0x03802c00                vexEventAdd
 .text.vexEventUserIndexGet
                0x03802c34       0x1c C:\Program Files (x86)\VEX Robotics\VEXcode Pro V5\sdk/vexv5\libv5rt.a(v5_apijump.c.obj)
                0x03802c34                vexEventUserIndexGet
 .text.vexEventAddWithArg
                0x03802c50       0x3c C:\Program Files (x86)\VEX Robotics\VEXcode Pro V5\sdk/vexv5\libv5rt.a(v5_apijump.c.obj)
                0x03802c50                vexEventAddWithArg
 .text.vexEventsCleanup
                0x03802c8c       0x2c C:\Program Files (x86)\VEX Robotics\VEXcode Pro V5\sdk/vexv5\libv5rt.a(v5_apijump.c.obj)
                0x03802c8c                vexEventsCleanup
 .text.vexDebug
                0x03802cb8       0x38 C:\Program Files (x86)\VEX Robotics\VEXcode Pro V5\sdk/vexv5\libv5rt.a(v5_apijump.c.obj)
                0x03802cb8                vexDebug
 .text.vex_sprintf
                0x03802cf0       0x40 C:\Program Files (x86)\VEX Robotics\VEXcode Pro V5\sdk/vexv5\libv5rt.a(v5_apijump.c.obj)
                0x03802cf0                vex_sprintf
 .text.vex_vsnprintf
                0x03802d30       0x3c C:\Program Files (x86)\VEX Robotics\VEXcode Pro V5\sdk/vexv5\libv5rt.a(v5_apijump.c.obj)
                0x03802d30                vex_vsnprintf
 .text.vexSystemTimeGet
                0x03802d6c       0x1c C:\Program Files (x86)\VEX Robotics\VEXcode Pro V5\sdk/vexv5\libv5rt.a(v5_apijump.c.obj)
                0x03802d6c                vexSystemTimeGet
 .text.vexSystemExitRequest
                0x03802d88       0x1c C:\Program Files (x86)\VEX Robotics\VEXcode Pro V5\sdk/vexv5\libv5rt.a(v5_apijump.c.obj)
                0x03802d88                vexSystemExitRequest
 .text.vexDeviceGetByIndex
                0x03802da4       0x24 C:\Program Files (x86)\VEX Robotics\VEXcode Pro V5\sdk/vexv5\libv5rt.a(v5_apijump.c.obj)
                0x03802da4                vexDeviceGetByIndex
 .text.vexControllerGet
                0x03802dc8       0x2c C:\Program Files (x86)\VEX Robotics\VEXcode Pro V5\sdk/vexv5\libv5rt.a(v5_apijump.c.obj)
                0x03802dc8                vexControllerGet
 .text.vexDeviceAdiPortConfigSet
                0x03802df4       0x34 C:\Program Files (x86)\VEX Robotics\VEXcode Pro V5\sdk/vexv5\libv5rt.a(v5_apijump.c.obj)
                0x03802df4                vexDeviceAdiPortConfigSet
 .text.vexDeviceAdiPortConfigGet
                0x03802e28       0x2c C:\Program Files (x86)\VEX Robotics\VEXcode Pro V5\sdk/vexv5\libv5rt.a(v5_apijump.c.obj)
                0x03802e28                vexDeviceAdiPortConfigGet
 .text.vexDeviceAdiValueSet
                0x03802e54       0x34 C:\Program Files (x86)\VEX Robotics\VEXcode Pro V5\sdk/vexv5\libv5rt.a(v5_apijump.c.obj)
                0x03802e54                vexDeviceAdiValueSet
 .text.vexDeviceAdiValueGet
                0x03802e88       0x2c C:\Program Files (x86)\VEX Robotics\VEXcode Pro V5\sdk/vexv5\libv5rt.a(v5_apijump.c.obj)
                0x03802e88                vexDeviceAdiValueGet
 .text.vexDeviceMotorVelocitySet
                0x03802eb4       0x2c C:\Program Files (x86)\VEX Robotics\VEXcode Pro V5\sdk/vexv5\libv5rt.a(v5_apijump.c.obj)
                0x03802eb4                vexDeviceMotorVelocitySet
 .text.vexDeviceMotorVoltageSet
                0x03802ee0       0x2c C:\Program Files (x86)\VEX Robotics\VEXcode Pro V5\sdk/vexv5\libv5rt.a(v5_apijump.c.obj)
                0x03802ee0                vexDeviceMotorVoltageSet
 .text.vexDeviceMotorActualVelocityGet
                0x03802f0c       0x24 C:\Program Files (x86)\VEX Robotics\VEXcode Pro V5\sdk/vexv5\libv5rt.a(v5_apijump.c.obj)
                0x03802f0c                vexDeviceMotorActualVelocityGet
 .text.vexDeviceMotorReverseFlagSet
                0x03802f30       0x2c C:\Program Files (x86)\VEX Robotics\VEXcode Pro V5\sdk/vexv5\libv5rt.a(v5_apijump.c.obj)
                0x03802f30                vexDeviceMotorReverseFlagSet
 .text.vexDeviceMotorBrakeModeSet
                0x03802f5c       0x2c C:\Program Files (x86)\VEX Robotics\VEXcode Pro V5\sdk/vexv5\libv5rt.a(v5_apijump.c.obj)
                0x03802f5c                vexDeviceMotorBrakeModeSet
 .text.vexDeviceMotorPositionSet
                0x03802f88       0x34 C:\Program Files (x86)\VEX Robotics\VEXcode Pro V5\sdk/vexv5\libv5rt.a(v5_apijump.c.obj)
                0x03802f88                vexDeviceMotorPositionSet
 .text.vexDeviceMotorGearingSet
                0x03802fbc       0x2c C:\Program Files (x86)\VEX Robotics\VEXcode Pro V5\sdk/vexv5\libv5rt.a(v5_apijump.c.obj)
                0x03802fbc                vexDeviceMotorGearingSet
 .text.vexDeviceMotorGearingGet
                0x03802fe8       0x24 C:\Program Files (x86)\VEX Robotics\VEXcode Pro V5\sdk/vexv5\libv5rt.a(v5_apijump.c.obj)
                0x03802fe8                vexDeviceMotorGearingGet
 .text.vexDeviceVisionModeSet
                0x0380300c       0x2c C:\Program Files (x86)\VEX Robotics\VEXcode Pro V5\sdk/vexv5\libv5rt.a(v5_apijump.c.obj)
                0x0380300c                vexDeviceVisionModeSet
 .text.vexDeviceVisionObjectCountGet
                0x03803038       0x24 C:\Program Files (x86)\VEX Robotics\VEXcode Pro V5\sdk/vexv5\libv5rt.a(v5_apijump.c.obj)
                0x03803038                vexDeviceVisionObjectCountGet
 .text.vexDeviceVisionObjectGet
                0x0380305c       0x34 C:\Program Files (x86)\VEX Robotics\VEXcode Pro V5\sdk/vexv5\libv5rt.a(v5_apijump.c.obj)
                0x0380305c                vexDeviceVisionObjectGet
 .text.vexDeviceVisionSignatureSet
                0x03803090       0x2c C:\Program Files (x86)\VEX Robotics\VEXcode Pro V5\sdk/vexv5\libv5rt.a(v5_apijump.c.obj)
                0x03803090                vexDeviceVisionSignatureSet
 .text.vexDeviceVisionBrightnessSet
                0x038030bc       0x2c C:\Program Files (x86)\VEX Robotics\VEXcode Pro V5\sdk/vexv5\libv5rt.a(v5_apijump.c.obj)
                0x038030bc                vexDeviceVisionBrightnessSet
 .text.vexDeviceVisionLedModeSet
                0x038030e8       0x2c C:\Program Files (x86)\VEX Robotics\VEXcode Pro V5\sdk/vexv5\libv5rt.a(v5_apijump.c.obj)
                0x038030e8                vexDeviceVisionLedModeSet
 .text.vexDeviceVisionLedColorSet
                0x03803114       0x30 C:\Program Files (x86)\VEX Robotics\VEXcode Pro V5\sdk/vexv5\libv5rt.a(v5_apijump.c.obj)
                0x03803114                vexDeviceVisionLedColorSet
 .text.vexDeviceImuReset
                0x03803144       0x24 C:\Program Files (x86)\VEX Robotics\VEXcode Pro V5\sdk/vexv5\libv5rt.a(v5_apijump.c.obj)
                0x03803144                vexDeviceImuReset
 .text.vexDeviceImuHeadingGet
                0x03803168       0x24 C:\Program Files (x86)\VEX Robotics\VEXcode Pro V5\sdk/vexv5\libv5rt.a(v5_apijump.c.obj)
                0x03803168                vexDeviceImuHeadingGet
 .text.vexDeviceImuDegreesGet
                0x0380318c       0x24 C:\Program Files (x86)\VEX Robotics\VEXcode Pro V5\sdk/vexv5\libv5rt.a(v5_apijump.c.obj)
                0x0380318c                vexDeviceImuDegreesGet
 .text.vexDeviceImuStatusGet
                0x038031b0       0x24 C:\Program Files (x86)\VEX Robotics\VEXcode Pro V5\sdk/vexv5\libv5rt.a(v5_apijump.c.obj)
                0x038031b0                vexDeviceImuStatusGet
 .text.vexDeviceOpticalHueGet
                0x038031d4       0x24 C:\Program Files (x86)\VEX Robotics\VEXcode Pro V5\sdk/vexv5\libv5rt.a(v5_apijump.c.obj)
                0x038031d4                vexDeviceOpticalHueGet
 .text.vexDeviceOpticalGestureEnable
                0x038031f8       0x24 C:\Program Files (x86)\VEX Robotics\VEXcode Pro V5\sdk/vexv5\libv5rt.a(v5_apijump.c.obj)
                0x038031f8                vexDeviceOpticalGestureEnable
 .text.vexDeviceOpticalGestureDisable
                0x0380321c       0x24 C:\Program Files (x86)\VEX Robotics\VEXcode Pro V5\sdk/vexv5\libv5rt.a(v5_apijump.c.obj)
                0x0380321c                vexDeviceOpticalGestureDisable
 .text.vexDeviceOpticalProximityThreshold
                0x03803240       0x2c C:\Program Files (x86)\VEX Robotics\VEXcode Pro V5\sdk/vexv5\libv5rt.a(v5_apijump.c.obj)
                0x03803240                vexDeviceOpticalProximityThreshold
 .text.vexDeviceDistanceDistanceGet
                0x0380326c       0x24 C:\Program Files (x86)\VEX Robotics\VEXcode Pro V5\sdk/vexv5\libv5rt.a(v5_apijump.c.obj)
                0x0380326c                vexDeviceDistanceDistanceGet
 .text.vexDisplayForegroundColor
                0x03803290       0x24 C:\Program Files (x86)\VEX Robotics\VEXcode Pro V5\sdk/vexv5\libv5rt.a(v5_apijump.c.obj)
                0x03803290                vexDisplayForegroundColor
 .text.vexDisplayBackgroundColor
                0x038032b4       0x24 C:\Program Files (x86)\VEX Robotics\VEXcode Pro V5\sdk/vexv5\libv5rt.a(v5_apijump.c.obj)
                0x038032b4                vexDisplayBackgroundColor
 .text.vexDisplayBackgroundColorGet
                0x038032d8       0x1c C:\Program Files (x86)\VEX Robotics\VEXcode Pro V5\sdk/vexv5\libv5rt.a(v5_apijump.c.obj)
                0x038032d8                vexDisplayBackgroundColorGet
 .text.vexDisplayCopyRect
                0x038032f4       0x5c C:\Program Files (x86)\VEX Robotics\VEXcode Pro V5\sdk/vexv5\libv5rt.a(v5_apijump.c.obj)
                0x038032f4                vexDisplayCopyRect
 .text.vexDisplayRectDraw
                0x03803350       0x4c C:\Program Files (x86)\VEX Robotics\VEXcode Pro V5\sdk/vexv5\libv5rt.a(v5_apijump.c.obj)
                0x03803350                vexDisplayRectDraw
 .text.vexDisplayRectClear
                0x0380339c       0x4c C:\Program Files (x86)\VEX Robotics\VEXcode Pro V5\sdk/vexv5\libv5rt.a(v5_apijump.c.obj)
                0x0380339c                vexDisplayRectClear
 .text.vexDisplayPrintf
                0x038033e8       0x68 C:\Program Files (x86)\VEX Robotics\VEXcode Pro V5\sdk/vexv5\libv5rt.a(v5_apijump.c.obj)
                0x038033e8                vexDisplayPrintf
 .text.vexDisplayTextReference
                0x03803450       0x24 C:\Program Files (x86)\VEX Robotics\VEXcode Pro V5\sdk/vexv5\libv5rt.a(v5_apijump.c.obj)
                0x03803450                vexDisplayTextReference
 .text.vexDisplayTextSize
                0x03803474       0x2c C:\Program Files (x86)\VEX Robotics\VEXcode Pro V5\sdk/vexv5\libv5rt.a(v5_apijump.c.obj)
                0x03803474                vexDisplayTextSize
 .text.vexDisplayFontNamedSet
                0x038034a0       0x24 C:\Program Files (x86)\VEX Robotics\VEXcode Pro V5\sdk/vexv5\libv5rt.a(v5_apijump.c.obj)
                0x038034a0                vexDisplayFontNamedSet
 .text.vexDisplayStringWidthGet
                0x038034c4       0x24 C:\Program Files (x86)\VEX Robotics\VEXcode Pro V5\sdk/vexv5\libv5rt.a(v5_apijump.c.obj)
                0x038034c4                vexDisplayStringWidthGet
 .text.vexDisplayPenSizeGet
                0x038034e8       0x1c C:\Program Files (x86)\VEX Robotics\VEXcode Pro V5\sdk/vexv5\libv5rt.a(v5_apijump.c.obj)
                0x038034e8                vexDisplayPenSizeGet
 .text.vexFileOpen
                0x03803504       0x2c C:\Program Files (x86)\VEX Robotics\VEXcode Pro V5\sdk/vexv5\libv5rt.a(v5_apijump.c.obj)
                0x03803504                vexFileOpen
 .text.vexFileClose
                0x03803530       0x24 C:\Program Files (x86)\VEX Robotics\VEXcode Pro V5\sdk/vexv5\libv5rt.a(v5_apijump.c.obj)
                0x03803530                vexFileClose
 .text.vexFileRead
                0x03803554       0x3c C:\Program Files (x86)\VEX Robotics\VEXcode Pro V5\sdk/vexv5\libv5rt.a(v5_apijump.c.obj)
                0x03803554                vexFileRead
 .text.vexFileSize
                0x03803590       0x24 C:\Program Files (x86)\VEX Robotics\VEXcode Pro V5\sdk/vexv5\libv5rt.a(v5_apijump.c.obj)
                0x03803590                vexFileSize
 .text.vexSystemStdlibImpureDataAddr
                0x038035b4       0x28 C:\Program Files (x86)\VEX Robotics\VEXcode Pro V5\sdk/vexv5\libv5rt.a(v5_apijump.c.obj)
                0x038035b4                vexSystemStdlibImpureDataAddr
 .text.vexSystemStdlibImpureDataSize
                0x038035dc       0x28 C:\Program Files (x86)\VEX Robotics\VEXcode Pro V5\sdk/vexv5\libv5rt.a(v5_apijump.c.obj)
                0x038035dc                vexSystemStdlibImpureDataSize
 .text.vexSystemSaveUserData
                0x03803604       0x3c C:\Program Files (x86)\VEX Robotics\VEXcode Pro V5\sdk/vexv5\libv5rt.a(v5_apijump.c.obj)
                0x03803604                vexSystemSaveUserData
 .text.vexImageBmpRead
                0x03803640       0x3c C:\Program Files (x86)\VEX Robotics\VEXcode Pro V5\sdk/vexv5\libv5rt.a(v5_apijump.c.obj)
                0x03803640                vexImageBmpRead
 .text.vexImagePngRead
                0x0380367c       0x44 C:\Program Files (x86)\VEX Robotics\VEXcode Pro V5\sdk/vexv5\libv5rt.a(v5_apijump.c.obj)
                0x0380367c                vexImagePngRead
 .text.vexDisplayThemeIdGet
                0x038036c0       0x38 C:\Program Files (x86)\VEX Robotics\VEXcode Pro V5\sdk/vexv5\libv5rt.a(v5_apijump.c.obj)
                0x038036c0                vexDisplayThemeIdGet
 .text.vexDeviceEventMaskSet
                0x038036f8       0x48 C:\Program Files (x86)\VEX Robotics\VEXcode Pro V5\sdk/vexv5\libv5rt.a(v5_apijump.c.obj)
                0x038036f8                vexDeviceEventMaskSet
 .text.vexDeviceEventMaskGet
                0x03803740       0x3c C:\Program Files (x86)\VEX Robotics\VEXcode Pro V5\sdk/vexv5\libv5rt.a(v5_apijump.c.obj)
                0x03803740                vexDeviceEventMaskGet
 .text.vexDelay
                0x0380377c        0x4 C:\Program Files (x86)\VEX Robotics\VEXcode Pro V5\sdk/vexv5\libv5rt.a(v5_apiuser.c.obj)
                0x0380377c                vexDelay
 .text.vexAdiPortConfigSet
                0x03803780       0x28 C:\Program Files (x86)\VEX Robotics\VEXcode Pro V5\sdk/vexv5\libv5rt.a(v5_apiuser.c.obj)
                0x03803780                vexAdiPortConfigSet
 .text.vexAdiPortConfigGet
                0x038037a8       0x28 C:\Program Files (x86)\VEX Robotics\VEXcode Pro V5\sdk/vexv5\libv5rt.a(v5_apiuser.c.obj)
                0x038037a8                vexAdiPortConfigGet
 .text.vexAdiValueSet
                0x038037d0       0x28 C:\Program Files (x86)\VEX Robotics\VEXcode Pro V5\sdk/vexv5\libv5rt.a(v5_apiuser.c.obj)
                0x038037d0                vexAdiValueSet
 .text.vexAdiValueGet
                0x038037f8       0x20 C:\Program Files (x86)\VEX Robotics\VEXcode Pro V5\sdk/vexv5\libv5rt.a(v5_apiuser.c.obj)
                0x038037f8                vexAdiValueGet
 .text.vexMotorVelocitySet
                0x03803818       0x20 C:\Program Files (x86)\VEX Robotics\VEXcode Pro V5\sdk/vexv5\libv5rt.a(v5_apiuser.c.obj)
                0x03803818                vexMotorVelocitySet
 .text.vexMotorVoltageSet
                0x03803838       0x20 C:\Program Files (x86)\VEX Robotics\VEXcode Pro V5\sdk/vexv5\libv5rt.a(v5_apiuser.c.obj)
                0x03803838                vexMotorVoltageSet
 .text.vexMotorActualVelocityGet
                0x03803858       0x24 C:\Program Files (x86)\VEX Robotics\VEXcode Pro V5\sdk/vexv5\libv5rt.a(v5_apiuser.c.obj)
                0x03803858                vexMotorActualVelocityGet
 .text.vexMotorReverseFlagSet
                0x0380387c       0x20 C:\Program Files (x86)\VEX Robotics\VEXcode Pro V5\sdk/vexv5\libv5rt.a(v5_apiuser.c.obj)
                0x0380387c                vexMotorReverseFlagSet
 .text.vexMotorBrakeModeSet
                0x0380389c       0x20 C:\Program Files (x86)\VEX Robotics\VEXcode Pro V5\sdk/vexv5\libv5rt.a(v5_apiuser.c.obj)
                0x0380389c                vexMotorBrakeModeSet
 .text.vexMotorPositionSet
                0x038038bc       0x28 C:\Program Files (x86)\VEX Robotics\VEXcode Pro V5\sdk/vexv5\libv5rt.a(v5_apiuser.c.obj)
                0x038038bc                vexMotorPositionSet
 .text.vexMotorGearingSet
                0x038038e4       0x20 C:\Program Files (x86)\VEX Robotics\VEXcode Pro V5\sdk/vexv5\libv5rt.a(v5_apiuser.c.obj)
                0x038038e4                vexMotorGearingSet
 .text.vexMotorGearingGet
                0x03803904       0x18 C:\Program Files (x86)\VEX Robotics\VEXcode Pro V5\sdk/vexv5\libv5rt.a(v5_apiuser.c.obj)
                0x03803904                vexMotorGearingGet
 .text.vexVisionModeSet
                0x0380391c       0x20 C:\Program Files (x86)\VEX Robotics\VEXcode Pro V5\sdk/vexv5\libv5rt.a(v5_apiuser.c.obj)
                0x0380391c                vexVisionModeSet
 .text.vexVisionObjectCountGet
                0x0380393c       0x18 C:\Program Files (x86)\VEX Robotics\VEXcode Pro V5\sdk/vexv5\libv5rt.a(v5_apiuser.c.obj)
                0x0380393c                vexVisionObjectCountGet
 .text.vexVisionObjectGet
                0x03803954       0x28 C:\Program Files (x86)\VEX Robotics\VEXcode Pro V5\sdk/vexv5\libv5rt.a(v5_apiuser.c.obj)
                0x03803954                vexVisionObjectGet
 .text.vexVisionSignatureSet
                0x0380397c       0x20 C:\Program Files (x86)\VEX Robotics\VEXcode Pro V5\sdk/vexv5\libv5rt.a(v5_apiuser.c.obj)
                0x0380397c                vexVisionSignatureSet
 .text.vexVisionBrightnessSet
                0x0380399c       0x20 C:\Program Files (x86)\VEX Robotics\VEXcode Pro V5\sdk/vexv5\libv5rt.a(v5_apiuser.c.obj)
                0x0380399c                vexVisionBrightnessSet
 .text.vexVisionLedModeSet
                0x038039bc       0x20 C:\Program Files (x86)\VEX Robotics\VEXcode Pro V5\sdk/vexv5\libv5rt.a(v5_apiuser.c.obj)
                0x038039bc                vexVisionLedModeSet
 .text.vexVisionLedColorSet
                0x038039dc       0x2c C:\Program Files (x86)\VEX Robotics\VEXcode Pro V5\sdk/vexv5\libv5rt.a(v5_apiuser.c.obj)
                0x038039dc                vexVisionLedColorSet
 .text.vexImuReset
                0x03803a08       0x10 C:\Program Files (x86)\VEX Robotics\VEXcode Pro V5\sdk/vexv5\libv5rt.a(v5_apiuser.c.obj)
                0x03803a08                vexImuReset
 .text.vexImuHeadingGet
                0x03803a18       0x10 C:\Program Files (x86)\VEX Robotics\VEXcode Pro V5\sdk/vexv5\libv5rt.a(v5_apiuser.c.obj)
                0x03803a18                vexImuHeadingGet
 .text.vexImuDegreesGet
                0x03803a28       0x10 C:\Program Files (x86)\VEX Robotics\VEXcode Pro V5\sdk/vexv5\libv5rt.a(v5_apiuser.c.obj)
                0x03803a28                vexImuDegreesGet
 .text.vexImuStatusGet
                0x03803a38       0x10 C:\Program Files (x86)\VEX Robotics\VEXcode Pro V5\sdk/vexv5\libv5rt.a(v5_apiuser.c.obj)
                0x03803a38                vexImuStatusGet
 .text.vexOpticalHueGet
                0x03803a48       0x10 C:\Program Files (x86)\VEX Robotics\VEXcode Pro V5\sdk/vexv5\libv5rt.a(v5_apiuser.c.obj)
                0x03803a48                vexOpticalHueGet
 .text.vexOpticalGestureEnable
                0x03803a58       0x10 C:\Program Files (x86)\VEX Robotics\VEXcode Pro V5\sdk/vexv5\libv5rt.a(v5_apiuser.c.obj)
                0x03803a58                vexOpticalGestureEnable
 .text.vexOpticalGestureDisable
                0x03803a68       0x10 C:\Program Files (x86)\VEX Robotics\VEXcode Pro V5\sdk/vexv5\libv5rt.a(v5_apiuser.c.obj)
                0x03803a68                vexOpticalGestureDisable
 .text.vexOpticalProximityThreshold
                0x03803a78       0x18 C:\Program Files (x86)\VEX Robotics\VEXcode Pro V5\sdk/vexv5\libv5rt.a(v5_apiuser.c.obj)
                0x03803a78                vexOpticalProximityThreshold
 .text.vexDistanceDistanceGet
                0x03803a90       0x10 C:\Program Files (x86)\VEX Robotics\VEXcode Pro V5\sdk/vexv5\libv5rt.a(v5_apiuser.c.obj)
                0x03803a90                vexDistanceDistanceGet
 .text.vexEventMaskSet
                0x03803aa0       0x28 C:\Program Files (x86)\VEX Robotics\VEXcode Pro V5\sdk/vexv5\libv5rt.a(v5_apiuser.c.obj)
                0x03803aa0                vexEventMaskSet
 .text.vexEventMaskGet
                0x03803ac8       0x18 C:\Program Files (x86)\VEX Robotics\VEXcode Pro V5\sdk/vexv5\libv5rt.a(v5_apiuser.c.obj)
                0x03803ac8                vexEventMaskGet
 .text.vexSystemVersion
                0x03803ae0       0x10 C:\Program Files (x86)\VEX Robotics\VEXcode Pro V5\sdk/vexv5\libv5rt.a(v5_apiversions.c.obj)
                0x03803ae0                vexSystemVersion
 .text.vexStdlibVersion
                0x03803af0       0x10 C:\Program Files (x86)\VEX Robotics\VEXcode Pro V5\sdk/vexv5\libv5rt.a(v5_apiversions.c.obj)
                0x03803af0                vexStdlibVersion
 .text._ZN3vex4waitEdNS_9timeUnitsE
                0x03803b00       0x30 C:\Program Files (x86)\VEX Robotics\VEXcode Pro V5\sdk/vexv5\libv5rt.a(vex_global.cpp.obj)
                0x03803b00                vex::wait(double, vex::timeUnits)
 .text._ZN3vex5motorD2Ev
                0x03803b30       0x20 C:\Program Files (x86)\VEX Robotics\VEXcode Pro V5\sdk/vexv5\libv5rt.a(vex_motor.cpp.obj)
                0x03803b30                vex::motor::~motor()
                0x03803b30                vex::motor::~motor()
 .text._ZN3vex5motorD0Ev
                0x03803b50       0x1c C:\Program Files (x86)\VEX Robotics\VEXcode Pro V5\sdk/vexv5\libv5rt.a(vex_motor.cpp.obj)
                0x03803b50                vex::motor::~motor()
 .text._ZN3vex5motor9installedEv
                0x03803b6c       0x18 C:\Program Files (x86)\VEX Robotics\VEXcode Pro V5\sdk/vexv5\libv5rt.a(vex_motor.cpp.obj)
                0x03803b6c                vex::motor::installed()
 .text._ZN3vex5motor15defaultStoppingENS_9brakeTypeE
                0x03803b84       0x30 C:\Program Files (x86)\VEX Robotics\VEXcode Pro V5\sdk/vexv5\libv5rt.a(vex_motor.cpp.obj)
                0x03803b84                vex::motor::defaultStopping(vex::brakeType)
 .text._ZN3vex5motorC2El
                0x03803bb4       0x78 C:\Program Files (x86)\VEX Robotics\VEXcode Pro V5\sdk/vexv5\libv5rt.a(vex_motor.cpp.obj)
                0x03803bb4                vex::motor::motor(long)
                0x03803bb4                vex::motor::motor(long)
 .text._ZN3vex5motorC2ElNS_11gearSettingEb
                0x03803c2c       0x34 C:\Program Files (x86)\VEX Robotics\VEXcode Pro V5\sdk/vexv5\libv5rt.a(vex_motor.cpp.obj)
                0x03803c2c                vex::motor::motor(long, vex::gearSetting, bool)
                0x03803c2c                vex::motor::motor(long, vex::gearSetting, bool)
 .text._ZN3vex5motor4spinENS_13directionTypeEdNS_12voltageUnitsE
                0x03803c60       0x50 C:\Program Files (x86)\VEX Robotics\VEXcode Pro V5\sdk/vexv5\libv5rt.a(vex_motor.cpp.obj)
                0x03803c60                vex::motor::spin(vex::directionType, double, vex::voltageUnits)
 .text._ZN3vex5motor4stopENS_9brakeTypeE
                0x03803cb0       0x30 C:\Program Files (x86)\VEX Robotics\VEXcode Pro V5\sdk/vexv5\libv5rt.a(vex_motor.cpp.obj)
                0x03803cb0                vex::motor::stop(vex::brakeType)
 .text._ZN3vex5motor4stopEv
                0x03803ce0        0x8 C:\Program Files (x86)\VEX Robotics\VEXcode Pro V5\sdk/vexv5\libv5rt.a(vex_motor.cpp.obj)
                0x03803ce0                vex::motor::stop()
 .text._ZN3vex5motor16velocityToScaledEdNS_13velocityUnitsE
                0x03803ce8       0x5c C:\Program Files (x86)\VEX Robotics\VEXcode Pro V5\sdk/vexv5\libv5rt.a(vex_motor.cpp.obj)
                0x03803ce8                vex::motor::velocityToScaled(double, vex::velocityUnits)
 .text._ZN3vex5motor8velocityENS_13velocityUnitsE
                0x03803d44       0x30 C:\Program Files (x86)\VEX Robotics\VEXcode Pro V5\sdk/vexv5\libv5rt.a(vex_motor.cpp.obj)
                0x03803d44                vex::motor::velocity(vex::velocityUnits)
 .text._ZN3vex5motor5valueEv
                0x03803d74       0x1c C:\Program Files (x86)\VEX Robotics\VEXcode Pro V5\sdk/vexv5\libv5rt.a(vex_motor.cpp.obj)
                0x03803d74                vex::motor::value()
 .text._ZN3vex5motor16scaledToVelocityEdNS_13velocityUnitsE
                0x03803d90       0xa4 C:\Program Files (x86)\VEX Robotics\VEXcode Pro V5\sdk/vexv5\libv5rt.a(vex_motor.cpp.obj)
                0x03803d90                vex::motor::scaledToVelocity(double, vex::velocityUnits)
 .text._ZN3vex5motor4spinENS_13directionTypeEdNS_13velocityUnitsE
                0x03803e34       0x5c C:\Program Files (x86)\VEX Robotics\VEXcode Pro V5\sdk/vexv5\libv5rt.a(vex_motor.cpp.obj)
                0x03803e34                vex::motor::spin(vex::directionType, double, vex::velocityUnits)
 .text._ZN3vex6vision9installedEv
                0x03803e90       0x18 C:\Program Files (x86)\VEX Robotics\VEXcode Pro V5\sdk/vexv5\libv5rt.a(vex_vision.cpp.obj)
                0x03803e90                vex::vision::installed()
 .text._ZN3vex6visionD2Ev
                0x03803ea8       0x38 C:\Program Files (x86)\VEX Robotics\VEXcode Pro V5\sdk/vexv5\libv5rt.a(vex_vision.cpp.obj)
                0x03803ea8                vex::vision::~vision()
                0x03803ea8                vex::vision::~vision()
 .text._ZN3vex6visionD0Ev
                0x03803ee0       0x1c C:\Program Files (x86)\VEX Robotics\VEXcode Pro V5\sdk/vexv5\libv5rt.a(vex_vision.cpp.obj)
                0x03803ee0                vex::vision::~vision()
 .text._ZN3vex6vision12setSignatureERNS0_9signatureE
                0x03803efc       0x70 C:\Program Files (x86)\VEX Robotics\VEXcode Pro V5\sdk/vexv5\libv5rt.a(vex_vision.cpp.obj)
                0x03803efc                vex::vision::setSignature(vex::vision::signature&)
 .text._ZN3vex6vision7setModeENS0_13detectionModeE
                0x03803f6c       0x18 C:\Program Files (x86)\VEX Robotics\VEXcode Pro V5\sdk/vexv5\libv5rt.a(vex_vision.cpp.obj)
                0x03803f6c                vex::vision::setMode(vex::vision::detectionMode)
 .text._ZN3vex6vision13setBrightnessEh
                0x03803f84       0x30 C:\Program Files (x86)\VEX Robotics\VEXcode Pro V5\sdk/vexv5\libv5rt.a(vex_vision.cpp.obj)
                0x03803f84                vex::vision::setBrightness(unsigned char)
 .text._ZN3vex6vision10setLedModeENS0_7ledModeE
                0x03803fb4       0x18 C:\Program Files (x86)\VEX Robotics\VEXcode Pro V5\sdk/vexv5\libv5rt.a(vex_vision.cpp.obj)
                0x03803fb4                vex::vision::setLedMode(vex::vision::ledMode)
 .text._ZN3vex6vision11setLedColorEhhh
                0x03803fcc       0x30 C:\Program Files (x86)\VEX Robotics\VEXcode Pro V5\sdk/vexv5\libv5rt.a(vex_vision.cpp.obj)
                0x03803fcc                vex::vision::setLedColor(unsigned char, unsigned char, unsigned char)
 .text._ZN3vex6vision9signatureD2Ev
                0x03803ffc        0x4 C:\Program Files (x86)\VEX Robotics\VEXcode Pro V5\sdk/vexv5\libv5rt.a(vex_vision.cpp.obj)
                0x03803ffc                vex::vision::signature::~signature()
                0x03803ffc                vex::vision::signature::~signature()
 .text._ZN3vex6vision9signature5clearEv
                0x03804000       0x38 C:\Program Files (x86)\VEX Robotics\VEXcode Pro V5\sdk/vexv5\libv5rt.a(vex_vision.cpp.obj)
                0x03804000                vex::vision::signature::clear()
 .text._ZN3vex6vision9signatureC2Ev
                0x03804038       0x60 C:\Program Files (x86)\VEX Robotics\VEXcode Pro V5\sdk/vexv5\libv5rt.a(vex_vision.cpp.obj)
                0x03804038                vex::vision::signature::signature()
                0x03804038                vex::vision::signature::signature()
 .text._ZN3vex6vision9signatureC2Elllllllfl
                0x03804098       0x5c C:\Program Files (x86)\VEX Robotics\VEXcode Pro V5\sdk/vexv5\libv5rt.a(vex_vision.cpp.obj)
                0x03804098                vex::vision::signature::signature(long, long, long, long, long, long, long, float, long)
                0x03804098                vex::vision::signature::signature(long, long, long, long, long, long, long, float, long)
 *fill*         0x038040f4        0x4 
 .text._ZN3vex6vision6object3setE22_V5_DeviceVisionObject
                0x038040f8       0x78 C:\Program Files (x86)\VEX Robotics\VEXcode Pro V5\sdk/vexv5\libv5rt.a(vex_vision.cpp.obj)
                0x038040f8                vex::vision::object::set(_V5_DeviceVisionObject)
 .text._ZN3vex6vision6object5clearEv
                0x03804170       0x38 C:\Program Files (x86)\VEX Robotics\VEXcode Pro V5\sdk/vexv5\libv5rt.a(vex_vision.cpp.obj)
                0x03804170                vex::vision::object::clear()
 .text._ZN3vex6vision6objectC2Ev
                0x038041a8       0x58 C:\Program Files (x86)\VEX Robotics\VEXcode Pro V5\sdk/vexv5\libv5rt.a(vex_vision.cpp.obj)
                0x038041a8                vex::vision::object::object()
                0x038041a8                vex::vision::object::object()
 .text._ZN3vex6vision13_clearObjectsEv
                0x03804200       0x40 C:\Program Files (x86)\VEX Robotics\VEXcode Pro V5\sdk/vexv5\libv5rt.a(vex_vision.cpp.obj)
                0x03804200                vex::vision::_clearObjects()
 .text._ZN3vex6vision6objectaSERKS1_
                0x03804240       0x74 C:\Program Files (x86)\VEX Robotics\VEXcode Pro V5\sdk/vexv5\libv5rt.a(vex_vision.cpp.obj)
                0x03804240                vex::vision::object::operator=(vex::vision::object const&)
 .text._ZN3vex6vision12takeSnapshotEmm
                0x038042b4       0xf4 C:\Program Files (x86)\VEX Robotics\VEXcode Pro V5\sdk/vexv5\libv5rt.a(vex_vision.cpp.obj)
                0x038042b4                vex::vision::takeSnapshot(unsigned long, unsigned long)
 .text._ZN3vex6vision12takeSnapshotEm
                0x038043a8        0x8 C:\Program Files (x86)\VEX Robotics\VEXcode Pro V5\sdk/vexv5\libv5rt.a(vex_vision.cpp.obj)
                0x038043a8                vex::vision::takeSnapshot(unsigned long)
 .text._ZN3vex6vision5valueEv
                0x038043b0        0x8 C:\Program Files (x86)\VEX Robotics\VEXcode Pro V5\sdk/vexv5\libv5rt.a(vex_vision.cpp.obj)
                0x038043b0                vex::vision::value()
 .text._ZN3vex6vision6objectaSEl
                0x038043b8       0x38 C:\Program Files (x86)\VEX Robotics\VEXcode Pro V5\sdk/vexv5\libv5rt.a(vex_vision.cpp.obj)
                0x038043b8                vex::vision::object::operator=(long)
 .text._ZN3vex6visionC2El
                0x038043f0       0xa4 C:\Program Files (x86)\VEX Robotics\VEXcode Pro V5\sdk/vexv5\libv5rt.a(vex_vision.cpp.obj)
                0x038043f0                vex::vision::vision(long)
                0x038043f0                vex::vision::vision(long)
 *fill*         0x03804494        0x4 
 .text._ZN3vex8inertial10setHeadingEdNS_13rotationUnitsE
                0x03804498       0x60 C:\Program Files (x86)\VEX Robotics\VEXcode Pro V5\sdk/vexv5\libv5rt.a(vex_imu.cpp.obj)
                0x03804498                vex::inertial::setHeading(double, vex::rotationUnits)
 .text._ZThn16_N3vex8inertial10setHeadingEdNS_13rotationUnitsE
                0x038044f8        0x8 C:\Program Files (x86)\VEX Robotics\VEXcode Pro V5\sdk/vexv5\libv5rt.a(vex_imu.cpp.obj)
                0x038044f8                non-virtual thunk to vex::inertial::setHeading(double, vex::rotationUnits)
 .text._ZN3vex8inertial11setRotationEdNS_13rotationUnitsE
                0x03804500       0x60 C:\Program Files (x86)\VEX Robotics\VEXcode Pro V5\sdk/vexv5\libv5rt.a(vex_imu.cpp.obj)
                0x03804500                vex::inertial::setRotation(double, vex::rotationUnits)
 .text._ZThn16_N3vex8inertial11setRotationEdNS_13rotationUnitsE
                0x03804560        0x8 C:\Program Files (x86)\VEX Robotics\VEXcode Pro V5\sdk/vexv5\libv5rt.a(vex_imu.cpp.obj)
                0x03804560                non-virtual thunk to vex::inertial::setRotation(double, vex::rotationUnits)
 .text._ZN3vex8inertialD2Ev
                0x03804568       0x20 C:\Program Files (x86)\VEX Robotics\VEXcode Pro V5\sdk/vexv5\libv5rt.a(vex_imu.cpp.obj)
                0x03804568                vex::inertial::~inertial()
                0x03804568                vex::inertial::~inertial()
 .text._ZThn16_N3vex8inertialD1Ev
                0x03804588        0x8 C:\Program Files (x86)\VEX Robotics\VEXcode Pro V5\sdk/vexv5\libv5rt.a(vex_imu.cpp.obj)
                0x03804588                non-virtual thunk to vex::inertial::~inertial()
 .text._ZN3vex8inertialD0Ev
                0x03804590       0x1c C:\Program Files (x86)\VEX Robotics\VEXcode Pro V5\sdk/vexv5\libv5rt.a(vex_imu.cpp.obj)
                0x03804590                vex::inertial::~inertial()
 .text._ZThn16_N3vex8inertialD0Ev
                0x038045ac        0x8 C:\Program Files (x86)\VEX Robotics\VEXcode Pro V5\sdk/vexv5\libv5rt.a(vex_imu.cpp.obj)
                0x038045ac                non-virtual thunk to vex::inertial::~inertial()
 .text._ZN3vex8inertial9installedEv
                0x038045b4       0x18 C:\Program Files (x86)\VEX Robotics\VEXcode Pro V5\sdk/vexv5\libv5rt.a(vex_imu.cpp.obj)
                0x038045b4                vex::inertial::installed()
 .text._ZN3vex8inertial5angleENS_13rotationUnitsE
                0x038045cc       0x60 C:\Program Files (x86)\VEX Robotics\VEXcode Pro V5\sdk/vexv5\libv5rt.a(vex_imu.cpp.obj)
                0x038045cc                vex::inertial::angle(vex::rotationUnits)
 .text._ZThn16_N3vex8inertial5angleENS_13rotationUnitsE
                0x0380462c        0x8 C:\Program Files (x86)\VEX Robotics\VEXcode Pro V5\sdk/vexv5\libv5rt.a(vex_imu.cpp.obj)
                0x0380462c                non-virtual thunk to vex::inertial::angle(vex::rotationUnits)
 .text._ZN3vex8inertial7headingENS_13rotationUnitsE
                0x03804634        0x4 C:\Program Files (x86)\VEX Robotics\VEXcode Pro V5\sdk/vexv5\libv5rt.a(vex_imu.cpp.obj)
                0x03804634                vex::inertial::heading(vex::rotationUnits)
 .text._ZThn16_N3vex8inertial7headingENS_13rotationUnitsE
                0x03804638        0x8 C:\Program Files (x86)\VEX Robotics\VEXcode Pro V5\sdk/vexv5\libv5rt.a(vex_imu.cpp.obj)
                0x03804638                non-virtual thunk to vex::inertial::heading(vex::rotationUnits)
 .text._ZN3vex8inertial5valueEv
                0x03804640       0x1c C:\Program Files (x86)\VEX Robotics\VEXcode Pro V5\sdk/vexv5\libv5rt.a(vex_imu.cpp.obj)
                0x03804640                vex::inertial::value()
 *fill*         0x0380465c        0x4 
 .text._ZN3vex8inertial8rotationENS_13rotationUnitsE
                0x03804660       0x40 C:\Program Files (x86)\VEX Robotics\VEXcode Pro V5\sdk/vexv5\libv5rt.a(vex_imu.cpp.obj)
                0x03804660                vex::inertial::rotation(vex::rotationUnits)
 .text._ZThn16_N3vex8inertial8rotationENS_13rotationUnitsE
                0x038046a0        0x8 C:\Program Files (x86)\VEX Robotics\VEXcode Pro V5\sdk/vexv5\libv5rt.a(vex_imu.cpp.obj)
                0x038046a0                non-virtual thunk to vex::inertial::rotation(vex::rotationUnits)
 .text._ZN3vex8inertial13isCalibratingEv
                0x038046a8       0x38 C:\Program Files (x86)\VEX Robotics\VEXcode Pro V5\sdk/vexv5\libv5rt.a(vex_imu.cpp.obj)
                0x038046a8                vex::inertial::isCalibrating()
 .text._ZThn16_N3vex8inertial13isCalibratingEv
                0x038046e0        0x8 C:\Program Files (x86)\VEX Robotics\VEXcode Pro V5\sdk/vexv5\libv5rt.a(vex_imu.cpp.obj)
                0x038046e0                non-virtual thunk to vex::inertial::isCalibrating()
 .text._ZN3vex8inertialC2El
                0x038046e8       0x48 C:\Program Files (x86)\VEX Robotics\VEXcode Pro V5\sdk/vexv5\libv5rt.a(vex_imu.cpp.obj)
                0x038046e8                vex::inertial::inertial(long)
                0x038046e8                vex::inertial::inertial(long)
 .text._ZN3vex8inertial16startCalibrationEl
                0x03804730       0x20 C:\Program Files (x86)\VEX Robotics\VEXcode Pro V5\sdk/vexv5\libv5rt.a(vex_imu.cpp.obj)
                0x03804730                vex::inertial::startCalibration(long)
 .text._ZN3vex8inertial9calibrateEl
                0x03804750        0xc C:\Program Files (x86)\VEX Robotics\VEXcode Pro V5\sdk/vexv5\libv5rt.a(vex_imu.cpp.obj)
                0x03804750                vex::inertial::calibrate(long)
                0x03804754                non-virtual thunk to vex::inertial::calibrate(long)
 .text._ZN3vex7opticalD2Ev
                0x0380475c       0x20 C:\Program Files (x86)\VEX Robotics\VEXcode Pro V5\sdk/vexv5\libv5rt.a(vex_optical.cpp.obj)
                0x0380475c                vex::optical::~optical()
                0x0380475c                vex::optical::~optical()
 .text._ZN3vex7opticalD0Ev
                0x0380477c       0x1c C:\Program Files (x86)\VEX Robotics\VEXcode Pro V5\sdk/vexv5\libv5rt.a(vex_optical.cpp.obj)
                0x0380477c                vex::optical::~optical()
 .text._ZN3vex7optical9installedEv
                0x03804798       0x18 C:\Program Files (x86)\VEX Robotics\VEXcode Pro V5\sdk/vexv5\libv5rt.a(vex_optical.cpp.obj)
                0x03804798                vex::optical::installed()
 .text._ZN3vex7optical3hueEv
                0x038047b0        0x8 C:\Program Files (x86)\VEX Robotics\VEXcode Pro V5\sdk/vexv5\libv5rt.a(vex_optical.cpp.obj)
                0x038047b0                vex::optical::hue()
 .text._ZN3vex7optical5valueEv
                0x038047b8       0x18 C:\Program Files (x86)\VEX Robotics\VEXcode Pro V5\sdk/vexv5\libv5rt.a(vex_optical.cpp.obj)
                0x038047b8                vex::optical::value()
 .text._ZN3vex7optical5colorEv
                0x038047d0       0xd0 C:\Program Files (x86)\VEX Robotics\VEXcode Pro V5\sdk/vexv5\libv5rt.a(vex_optical.cpp.obj)
                0x038047d0                vex::optical::color()
 .text._ZN3vex7optical13gestureEnableEv
                0x038048a0        0x8 C:\Program Files (x86)\VEX Robotics\VEXcode Pro V5\sdk/vexv5\libv5rt.a(vex_optical.cpp.obj)
                0x038048a0                vex::optical::gestureEnable()
 .text._ZN3vex7optical14gestureDisableEv
                0x038048a8        0x8 C:\Program Files (x86)\VEX Robotics\VEXcode Pro V5\sdk/vexv5\libv5rt.a(vex_optical.cpp.obj)
                0x038048a8                vex::optical::gestureDisable()
 .text._ZN3vex7opticalC2Elb
                0x038048b0       0x54 C:\Program Files (x86)\VEX Robotics\VEXcode Pro V5\sdk/vexv5\libv5rt.a(vex_optical.cpp.obj)
                0x038048b0                vex::optical::optical(long, bool)
                0x038048b0                vex::optical::optical(long, bool)
 .text._ZN3vex8distanceD2Ev
                0x03804904       0x20 C:\Program Files (x86)\VEX Robotics\VEXcode Pro V5\sdk/vexv5\libv5rt.a(vex_distance.cpp.obj)
                0x03804904                vex::distance::~distance()
                0x03804904                vex::distance::~distance()
 .text._ZN3vex8distanceD0Ev
                0x03804924       0x1c C:\Program Files (x86)\VEX Robotics\VEXcode Pro V5\sdk/vexv5\libv5rt.a(vex_distance.cpp.obj)
                0x03804924                vex::distance::~distance()
 .text._ZN3vex8distance9installedEv
                0x03804940       0x18 C:\Program Files (x86)\VEX Robotics\VEXcode Pro V5\sdk/vexv5\libv5rt.a(vex_distance.cpp.obj)
                0x03804940                vex::distance::installed()
 .text._ZN3vex8distance5valueEv
                0x03804958        0x8 C:\Program Files (x86)\VEX Robotics\VEXcode Pro V5\sdk/vexv5\libv5rt.a(vex_distance.cpp.obj)
                0x03804958                vex::distance::value()
 .text._ZN3vex8distanceC2El
                0x03804960       0x20 C:\Program Files (x86)\VEX Robotics\VEXcode Pro V5\sdk/vexv5\libv5rt.a(vex_distance.cpp.obj)
                0x03804960                vex::distance::distance(long)
                0x03804960                vex::distance::distance(long)
 .text._ZN3vex8distance14objectDistanceENS_13distanceUnitsE
                0x03804980       0x48 C:\Program Files (x86)\VEX Robotics\VEXcode Pro V5\sdk/vexv5\libv5rt.a(vex_distance.cpp.obj)
                0x03804980                vex::distance::objectDistance(vex::distanceUnits)
 .text._ZN3vex10controllerD2Ev
                0x038049c8        0x4 C:\Program Files (x86)\VEX Robotics\VEXcode Pro V5\sdk/vexv5\libv5rt.a(vex_controller.cpp.obj)
                0x038049c8                vex::controller::~controller()
                0x038049c8                vex::controller::~controller()
 .text._ZN3vex10controller5valueE19_V5_ControllerIndex
                0x038049cc        0x8 C:\Program Files (x86)\VEX Robotics\VEXcode Pro V5\sdk/vexv5\libv5rt.a(vex_controller.cpp.obj)
                0x038049cc                vex::controller::value(_V5_ControllerIndex)
 .text._ZN3vex10controller6button8pressingEv
                0x038049d4       0xc8 C:\Program Files (x86)\VEX Robotics\VEXcode Pro V5\sdk/vexv5\libv5rt.a(vex_controller.cpp.obj)
                0x038049d4                vex::controller::button::pressing()
 .text._ZN3vex10controller6button7pressedEPFvvE
                0x03804a9c      0x108 C:\Program Files (x86)\VEX Robotics\VEXcode Pro V5\sdk/vexv5\libv5rt.a(vex_controller.cpp.obj)
                0x03804a9c                vex::controller::button::pressed(void (*)())
 .text._ZN3vex10controller6button21_buttonToPressedEventEv
                0x03804ba4       0x20 C:\Program Files (x86)\VEX Robotics\VEXcode Pro V5\sdk/vexv5\libv5rt.a(vex_controller.cpp.obj)
                0x03804ba4                vex::controller::button::_buttonToPressedEvent()
 .text._ZN3vex10controller6button22_buttonToReleasedEventEv
                0x03804bc4       0x20 C:\Program Files (x86)\VEX Robotics\VEXcode Pro V5\sdk/vexv5\libv5rt.a(vex_controller.cpp.obj)
                0x03804bc4                vex::controller::button::_buttonToReleasedEvent()
 .text._ZN3vex10controller6buttonC2ENS0_11tButtonTypeEPS0_
                0x03804be4       0x48 C:\Program Files (x86)\VEX Robotics\VEXcode Pro V5\sdk/vexv5\libv5rt.a(vex_controller.cpp.obj)
                0x03804be4                vex::controller::button::button(vex::controller::tButtonType, vex::controller*)
                0x03804be4                vex::controller::button::button(vex::controller::tButtonType, vex::controller*)
 .text._ZN3vex10controller4axis5valueEv
                0x03804c2c       0x58 C:\Program Files (x86)\VEX Robotics\VEXcode Pro V5\sdk/vexv5\libv5rt.a(vex_controller.cpp.obj)
                0x03804c2c                vex::controller::axis::value()
 .text._ZN3vex10controller4axis8positionENS_12percentUnitsE
                0x03804c84       0x1c C:\Program Files (x86)\VEX Robotics\VEXcode Pro V5\sdk/vexv5\libv5rt.a(vex_controller.cpp.obj)
                0x03804c84                vex::controller::axis::position(vex::percentUnits)
 .text._ZN3vex10controller4axis23_joystickToChangedEventEv
                0x03804ca0       0x20 C:\Program Files (x86)\VEX Robotics\VEXcode Pro V5\sdk/vexv5\libv5rt.a(vex_controller.cpp.obj)
                0x03804ca0                vex::controller::axis::_joystickToChangedEvent()
 .text._ZN3vex10controller4axisC2ENS0_9tAxisTypeEPS0_
                0x03804cc0       0x2c C:\Program Files (x86)\VEX Robotics\VEXcode Pro V5\sdk/vexv5\libv5rt.a(vex_controller.cpp.obj)
                0x03804cc0                vex::controller::axis::axis(vex::controller::tAxisType, vex::controller*)
                0x03804cc0                vex::controller::axis::axis(vex::controller::tAxisType, vex::controller*)
 .text._ZN3vex10controllerC2ENS_14controllerTypeE
                0x03804cec      0x204 C:\Program Files (x86)\VEX Robotics\VEXcode Pro V5\sdk/vexv5\libv5rt.a(vex_controller.cpp.obj)
                0x03804cec                vex::controller::controller(vex::controllerType)
                0x03804cec                vex::controller::controller(vex::controllerType)
 .text._ZN3vex4taskC2EPFivE
                0x03804ef0       0x5c C:\Program Files (x86)\VEX Robotics\VEXcode Pro V5\sdk/vexv5\libv5rt.a(vex_task.cpp.obj)
                0x03804ef0                vex::task::task(int (*)())
                0x03804ef0                vex::task::task(int (*)())
 .text._ZN3vex4taskD2Ev
                0x03804f4c        0x4 C:\Program Files (x86)\VEX Robotics\VEXcode Pro V5\sdk/vexv5\libv5rt.a(vex_task.cpp.obj)
                0x03804f4c                vex::task::~task()
                0x03804f4c                vex::task::~task()
 .text._ZN3vex4task4stopERKS0_
                0x03804f50       0x18 C:\Program Files (x86)\VEX Robotics\VEXcode Pro V5\sdk/vexv5\libv5rt.a(vex_task.cpp.obj)
                0x03804f50                vex::task::stop(vex::task const&)
 .text._ZN3vex4task5sleepEm
                0x03804f68        0x4 C:\Program Files (x86)\VEX Robotics\VEXcode Pro V5\sdk/vexv5\libv5rt.a(vex_task.cpp.obj)
                0x03804f68                vex::task::sleep(unsigned long)
 .text._ZN3vex4task6_indexEPFivE
                0x03804f6c       0x14 C:\Program Files (x86)\VEX Robotics\VEXcode Pro V5\sdk/vexv5\libv5rt.a(vex_task.cpp.obj)
                0x03804f6c                vex::task::_index(int (*)())
 .text._ZN3vex4task8_stopAllEv
                0x03804f80       0x3c C:\Program Files (x86)\VEX Robotics\VEXcode Pro V5\sdk/vexv5\libv5rt.a(vex_task.cpp.obj)
                0x03804f80                vex::task::_stopAll()
 .text._ZN3vex6threadC2EPFivE
                0x03804fbc       0x5c C:\Program Files (x86)\VEX Robotics\VEXcode Pro V5\sdk/vexv5\libv5rt.a(vex_thread.cpp.obj)
                0x03804fbc                vex::thread::thread(int (*)())
                0x03804fbc                vex::thread::thread(int (*)())
 .text._ZN3vex6threadD2Ev
                0x03805018        0x4 C:\Program Files (x86)\VEX Robotics\VEXcode Pro V5\sdk/vexv5\libv5rt.a(vex_thread.cpp.obj)
                0x03805018                vex::thread::~thread()
                0x03805018                vex::thread::~thread()
 .text._ZN3vex11this_thread9sleep_forEm
                0x0380501c        0x4 C:\Program Files (x86)\VEX Robotics\VEXcode Pro V5\sdk/vexv5\libv5rt.a(vex_thread.cpp.obj)
                0x0380501c                vex::this_thread::sleep_for(unsigned long)
 .text._ZN3vex5event4initEmmPFvvE
                0x03805020        0x4 C:\Program Files (x86)\VEX Robotics\VEXcode Pro V5\sdk/vexv5\libv5rt.a(vex_event.cpp.obj)
                0x03805020                vex::event::init(unsigned long, unsigned long, void (*)())
 .text._ZN3vex5event4initEmmPFvPvES1_
                0x03805024        0x4 C:\Program Files (x86)\VEX Robotics\VEXcode Pro V5\sdk/vexv5\libv5rt.a(vex_event.cpp.obj)
                0x03805024                vex::event::init(unsigned long, unsigned long, void (*)(void*), void*)
 .text._ZN3vex5event9userindexEv
                0x03805028        0x4 C:\Program Files (x86)\VEX Robotics\VEXcode Pro V5\sdk/vexv5\libv5rt.a(vex_event.cpp.obj)
                0x03805028                vex::event::userindex()
 .text._ZZN3vex6meventC4EmmENUlvE_4_FUNEv
                0x0380502c        0x4 C:\Program Files (x86)\VEX Robotics\VEXcode Pro V5\sdk/vexv5\libv5rt.a(vex_mevent.cpp.obj)
 .text._ZN3vex6meventC2Emm
                0x03805030       0x70 C:\Program Files (x86)\VEX Robotics\VEXcode Pro V5\sdk/vexv5\libv5rt.a(vex_mevent.cpp.obj)
                0x03805030                vex::mevent::mevent(unsigned long, unsigned long)
                0x03805030                vex::mevent::mevent(unsigned long, unsigned long)
 .text._ZN3vex5brain9_getIndexEv
                0x038050a0       0x10 C:\Program Files (x86)\VEX Robotics\VEXcode Pro V5\sdk/vexv5\libv5rt.a(vex_brain.cpp.obj)
                0x038050a0                vex::brain::_getIndex()
 .text._ZN3vex5brain3lcd9setCursorEll
                0x038050b0       0x44 C:\Program Files (x86)\VEX Robotics\VEXcode Pro V5\sdk/vexv5\libv5rt.a(vex_brain.cpp.obj)
                0x038050b0                vex::brain::lcd::setCursor(long, long)
 .text._ZN3vex5brain3lcd7setFontENS_8fontTypeE
                0x038050f4      0x23c C:\Program Files (x86)\VEX Robotics\VEXcode Pro V5\sdk/vexv5\libv5rt.a(vex_brain.cpp.obj)
                0x038050f4                vex::brain::lcd::setFont(vex::fontType)
 .text._ZN3vex5brain3lcdC2Ev
                0x03805330       0x94 C:\Program Files (x86)\VEX Robotics\VEXcode Pro V5\sdk/vexv5\libv5rt.a(vex_brain.cpp.obj)
                0x03805330                vex::brain::lcd::lcd()
                0x03805330                vex::brain::lcd::lcd()
 .text._ZN3vex5brainC2Ev
                0x038053c4       0x38 C:\Program Files (x86)\VEX Robotics\VEXcode Pro V5\sdk/vexv5\libv5rt.a(vex_brain.cpp.obj)
                0x038053c4                vex::brain::brain()
                0x038053c4                vex::brain::brain()
 .text._ZN3vex5brain3lcd11setPenColorERKNS_5colorE
                0x038053fc       0x14 C:\Program Files (x86)\VEX Robotics\VEXcode Pro V5\sdk/vexv5\libv5rt.a(vex_brain.cpp.obj)
                0x038053fc                vex::brain::lcd::setPenColor(vex::color const&)
 .text._ZN3vex5brain3lcd12setFillColorERKNS_5colorE
                0x03805410       0x38 C:\Program Files (x86)\VEX Robotics\VEXcode Pro V5\sdk/vexv5\libv5rt.a(vex_brain.cpp.obj)
                0x03805410                vex::brain::lcd::setFillColor(vex::color const&)
 .text._ZN3vex5brain3lcd7printAtEllPKcz
                0x03805448       0x6c C:\Program Files (x86)\VEX Robotics\VEXcode Pro V5\sdk/vexv5\libv5rt.a(vex_brain.cpp.obj)
                0x03805448                vex::brain::lcd::printAt(long, long, char const*, ...)
 .text._ZN3vex5brain3lcd13drawRectangleEiiii
                0x038054b4       0xdc C:\Program Files (x86)\VEX Robotics\VEXcode Pro V5\sdk/vexv5\libv5rt.a(vex_brain.cpp.obj)
                0x038054b4                vex::brain::lcd::drawRectangle(int, int, int, int)
 .text._ZN3vex5brain3lcd20_validateImageBufferEPh
                0x03805590       0x58 C:\Program Files (x86)\VEX Robotics\VEXcode Pro V5\sdk/vexv5\libv5rt.a(vex_brain.cpp.obj)
                0x03805590                vex::brain::lcd::_validateImageBuffer(unsigned char*)
 .text._ZN3vex5brain3lcd17drawImageFromFileEPKcii
                0x038055e8      0x264 C:\Program Files (x86)\VEX Robotics\VEXcode Pro V5\sdk/vexv5\libv5rt.a(vex_brain.cpp.obj)
                0x038055e8                vex::brain::lcd::drawImageFromFile(char const*, int, int)
 .text._ZN3vex5brain3lcd10rowToPixelEl
                0x0380584c       0x34 C:\Program Files (x86)\VEX Robotics\VEXcode Pro V5\sdk/vexv5\libv5rt.a(vex_brain.cpp.obj)
                0x0380584c                vex::brain::lcd::rowToPixel(long)
 .text._ZN3vex5brain3lcd10_clearLineEim
                0x03805880       0x7c C:\Program Files (x86)\VEX Robotics\VEXcode Pro V5\sdk/vexv5\libv5rt.a(vex_brain.cpp.obj)
                0x03805880                vex::brain::lcd::_clearLine(int, unsigned long)
 .text._ZN3vex5brain3lcd10colToPixelEl
                0x038058fc       0x1c C:\Program Files (x86)\VEX Robotics\VEXcode Pro V5\sdk/vexv5\libv5rt.a(vex_brain.cpp.obj)
                0x038058fc                vex::brain::lcd::colToPixel(long)
 .text._ZN3vex5brain3lcd5printEPKcz
                0x03805918       0xa0 C:\Program Files (x86)\VEX Robotics\VEXcode Pro V5\sdk/vexv5\libv5rt.a(vex_brain.cpp.obj)
                0x03805918                vex::brain::lcd::print(char const*, ...)
 .text._ZN3vex5brain3lcd8hueToRgbEm
                0x038059b8       0xe0 C:\Program Files (x86)\VEX Robotics\VEXcode Pro V5\sdk/vexv5\libv5rt.a(vex_brain.cpp.obj)
                0x038059b8                vex::brain::lcd::hueToRgb(unsigned long)
 .text._ZN3vex5brain3lcd9clearLineEii
                0x03805a98       0x28 C:\Program Files (x86)\VEX Robotics\VEXcode Pro V5\sdk/vexv5\libv5rt.a(vex_brain.cpp.obj)
                0x03805a98                vex::brain::lcd::clearLine(int, int)
 .text._ZN3vex5brainD2Ev
                0x03805ac0       0x20 C:\Program Files (x86)\VEX Robotics\VEXcode Pro V5\sdk/vexv5\libv5rt.a(vex_brain.cpp.obj)
                0x03805ac0                vex::brain::~brain()
                0x03805ac0                vex::brain::~brain()
 .text._ZN3vex11competition11_autonomousEv
                0x03805ae0       0x90 C:\Program Files (x86)\VEX Robotics\VEXcode Pro V5\sdk/vexv5\libv5rt.a(vex_competition.cpp.obj)
                0x03805ae0                vex::competition::_autonomous()
 .text._ZN3vex11competition14_drivercontrolEv
                0x03805b70       0x90 C:\Program Files (x86)\VEX Robotics\VEXcode Pro V5\sdk/vexv5\libv5rt.a(vex_competition.cpp.obj)
                0x03805b70                vex::competition::_drivercontrol()
 .text._ZN3vex11competition8_disableEPv
                0x03805c00       0xc8 C:\Program Files (x86)\VEX Robotics\VEXcode Pro V5\sdk/vexv5\libv5rt.a(vex_competition.cpp.obj)
                0x03805c00                vex::competition::_disable(void*)
 .text._ZN3vex11competitionC2Ev
                0x03805cc8      0x13c C:\Program Files (x86)\VEX Robotics\VEXcode Pro V5\sdk/vexv5\libv5rt.a(vex_competition.cpp.obj)
                0x03805cc8                vex::competition::competition()
                0x03805cc8                vex::competition::competition()
 .text._ZN3vex11competitionD2Ev
                0x03805e04        0x4 C:\Program Files (x86)\VEX Robotics\VEXcode Pro V5\sdk/vexv5\libv5rt.a(vex_competition.cpp.obj)
                0x03805e04                vex::competition::~competition()
                0x03805e04                vex::competition::~competition()
 .text._ZN3vex11competition10autonomousEPFvvE
                0x03805e08       0x44 C:\Program Files (x86)\VEX Robotics\VEXcode Pro V5\sdk/vexv5\libv5rt.a(vex_competition.cpp.obj)
                0x03805e08                vex::competition::autonomous(void (*)())
 .text._ZN3vex11competition13drivercontrolEPFvvE
                0x03805e4c       0x44 C:\Program Files (x86)\VEX Robotics\VEXcode Pro V5\sdk/vexv5\libv5rt.a(vex_competition.cpp.obj)
                0x03805e4c                vex::competition::drivercontrol(void (*)())
 .text._ZN3vex7triportD2Ev
                0x03805e90       0x38 C:\Program Files (x86)\VEX Robotics\VEXcode Pro V5\sdk/vexv5\libv5rt.a(vex_triport.cpp.obj)
                0x03805e90                vex::triport::~triport()
                0x03805e90                vex::triport::~triport()
 .text._ZN3vex7triportD0Ev
                0x03805ec8       0x1c C:\Program Files (x86)\VEX Robotics\VEXcode Pro V5\sdk/vexv5\libv5rt.a(vex_triport.cpp.obj)
                0x03805ec8                vex::triport::~triport()
 .text._ZN3vex7triport9installedEv
                0x03805ee4       0x18 C:\Program Files (x86)\VEX Robotics\VEXcode Pro V5\sdk/vexv5\libv5rt.a(vex_triport.cpp.obj)
                0x03805ee4                vex::triport::installed()
 .text._ZN3vex7triport4portC2ElPS0_
                0x03805efc       0x74 C:\Program Files (x86)\VEX Robotics\VEXcode Pro V5\sdk/vexv5\libv5rt.a(vex_triport.cpp.obj)
                0x03805efc                vex::triport::port::port(long, vex::triport*)
                0x03805efc                vex::triport::port::port(long, vex::triport*)
 .text._ZN3vex7triportC2El
                0x03805f70       0xf0 C:\Program Files (x86)\VEX Robotics\VEXcode Pro V5\sdk/vexv5\libv5rt.a(vex_triport.cpp.obj)
                0x03805f70                vex::triport::triport(long)
                0x03805f70                vex::triport::triport(long)
 .text._ZN3vex7triport4port4typeENS_11triportTypeE
                0x03806060       0x30 C:\Program Files (x86)\VEX Robotics\VEXcode Pro V5\sdk/vexv5\libv5rt.a(vex_triport.cpp.obj)
                0x03806060                vex::triport::port::type(vex::triportType)
 .text._ZN3vex7triport4port4typeEv
                0x03806090       0x38 C:\Program Files (x86)\VEX Robotics\VEXcode Pro V5\sdk/vexv5\libv5rt.a(vex_triport.cpp.obj)
                0x03806090                vex::triport::port::type()
 .text._ZN3vex7triport4port5valueEv
                0x038060c8       0x14 C:\Program Files (x86)\VEX Robotics\VEXcode Pro V5\sdk/vexv5\libv5rt.a(vex_triport.cpp.obj)
                0x038060c8                vex::triport::port::value()
 .text._ZN3vex7triport4port5valueEl
                0x038060dc       0x18 C:\Program Files (x86)\VEX Robotics\VEXcode Pro V5\sdk/vexv5\libv5rt.a(vex_triport.cpp.obj)
                0x038060dc                vex::triport::port::value(long)
 *fill*         0x038060f4        0x4 
 .text._ZN3vex7triport4port11setRotationEdNS_13rotationUnitsE
                0x038060f8       0x50 C:\Program Files (x86)\VEX Robotics\VEXcode Pro V5\sdk/vexv5\libv5rt.a(vex_triport.cpp.obj)
                0x038060f8                vex::triport::port::setRotation(double, vex::rotationUnits)
 .text._ZN3vex7triport4port13resetRotationEv
                0x03806148       0x20 C:\Program Files (x86)\VEX Robotics\VEXcode Pro V5\sdk/vexv5\libv5rt.a(vex_triport.cpp.obj)
                0x03806148                vex::triport::port::resetRotation()
 .text._ZN3vex7triport4port8rotationENS_13rotationUnitsE
                0x03806168       0x40 C:\Program Files (x86)\VEX Robotics\VEXcode Pro V5\sdk/vexv5\libv5rt.a(vex_triport.cpp.obj)
                0x03806168                vex::triport::port::rotation(vex::rotationUnits)
 .text._ZN3vex11__trideviceC2ERNS_7triport4portENS_11triportTypeE
                0x038061a8       0x5c C:\Program Files (x86)\VEX Robotics\VEXcode Pro V5\sdk/vexv5\libv5rt.a(vex_triport.cpp.obj)
                0x038061a8                vex::__tridevice::__tridevice(vex::triport::port&, vex::triportType)
                0x038061a8                vex::__tridevice::__tridevice(vex::triport::port&, vex::triportType)
 .text._ZN3vex7encoderC2ERNS_7triport4portE
                0x03806204       0x20 C:\Program Files (x86)\VEX Robotics\VEXcode Pro V5\sdk/vexv5\libv5rt.a(vex_triport.cpp.obj)
                0x03806204                vex::encoder::encoder(vex::triport::port&)
                0x03806204                vex::encoder::encoder(vex::triport::port&)
 .text._ZN3vex7encoderD2Ev
                0x03806224        0x4 C:\Program Files (x86)\VEX Robotics\VEXcode Pro V5\sdk/vexv5\libv5rt.a(vex_triport.cpp.obj)
                0x03806224                vex::encoder::~encoder()
                0x03806224                vex::encoder::~encoder()
 .text._ZN3vex7encoder13resetRotationEv
                0x03806228        0x8 C:\Program Files (x86)\VEX Robotics\VEXcode Pro V5\sdk/vexv5\libv5rt.a(vex_triport.cpp.obj)
                0x03806228                vex::encoder::resetRotation()
 .text._ZN3vex7encoder8rotationENS_13rotationUnitsE
                0x03806230        0x8 C:\Program Files (x86)\VEX Robotics\VEXcode Pro V5\sdk/vexv5\libv5rt.a(vex_triport.cpp.obj)
                0x03806230                vex::encoder::rotation(vex::rotationUnits)
 .text.startup._GLOBAL__sub_I__ZN3vex7triportC2El
                0x03806238       0x30 C:\Program Files (x86)\VEX Robotics\VEXcode Pro V5\sdk/vexv5\libv5rt.a(vex_triport.cpp.obj)
 .text._ZN3vex5colorD2Ev
                0x03806268        0x4 C:\Program Files (x86)\VEX Robotics\VEXcode Pro V5\sdk/vexv5\libv5rt.a(vex_color.cpp.obj)
                0x03806268                vex::color::~color()
                0x03806268                vex::color::~color()
 .text._ZN3vex5colorC2Ev
                0x0380626c       0x10 C:\Program Files (x86)\VEX Robotics\VEXcode Pro V5\sdk/vexv5\libv5rt.a(vex_color.cpp.obj)
                0x0380626c                vex::color::color()
                0x0380626c                vex::color::color()
 .text._ZNK3vex5colorcvmEv
                0x0380627c        0x8 C:\Program Files (x86)\VEX Robotics\VEXcode Pro V5\sdk/vexv5\libv5rt.a(vex_color.cpp.obj)
                0x0380627c                vex::color::operator unsigned long() const
 .text._ZNK3vex5color13isTransparentEv
                0x03806284        0x8 C:\Program Files (x86)\VEX Robotics\VEXcode Pro V5\sdk/vexv5\libv5rt.a(vex_color.cpp.obj)
                0x03806284                vex::color::isTransparent() const
 *fill*         0x0380628c        0x4 
 .text._ZN3vex5color3hsvEmdd
                0x03806290      0x13c C:\Program Files (x86)\VEX Robotics\VEXcode Pro V5\sdk/vexv5\libv5rt.a(vex_color.cpp.obj)
                0x03806290                vex::color::hsv(unsigned long, double, double)
 .text.startup._GLOBAL__sub_I__ZN3vex5color5blackE
                0x038063cc      0x164 C:\Program Files (x86)\VEX Robotics\VEXcode Pro V5\sdk/vexv5\libv5rt.a(vex_color.cpp.obj)
 .text._ZN3vex5timerD2Ev
                0x03806530        0x4 C:\Program Files (x86)\VEX Robotics\VEXcode Pro V5\sdk/vexv5\libv5rt.a(vex_timer.cpp.obj)
                0x03806530                vex::timer::~timer()
                0x03806530                vex::timer::~timer()
 .text._ZN3vex5timer5clearEv
                0x03806534       0x1c C:\Program Files (x86)\VEX Robotics\VEXcode Pro V5\sdk/vexv5\libv5rt.a(vex_timer.cpp.obj)
                0x03806534                vex::timer::clear()
 .text._ZN3vex5timerC2Ev
                0x03806550       0x14 C:\Program Files (x86)\VEX Robotics\VEXcode Pro V5\sdk/vexv5\libv5rt.a(vex_timer.cpp.obj)
                0x03806550                vex::timer::timer()
                0x03806550                vex::timer::timer()
 .text._ZN3vex6deviceD2Ev
                0x03806564        0x4 C:\Program Files (x86)\VEX Robotics\VEXcode Pro V5\sdk/vexv5\libv5rt.a(vex_device.cpp.obj)
                0x03806564                vex::device::~device()
                0x03806564                vex::device::~device()
 .text._ZN3vex6device5valueEv
                0x03806568        0x8 C:\Program Files (x86)\VEX Robotics\VEXcode Pro V5\sdk/vexv5\libv5rt.a(vex_device.cpp.obj)
                0x03806568                vex::device::value()
 .text._ZN3vex6deviceD0Ev
                0x03806570       0x14 C:\Program Files (x86)\VEX Robotics\VEXcode Pro V5\sdk/vexv5\libv5rt.a(vex_device.cpp.obj)
                0x03806570                vex::device::~device()
 .text._ZN3vex6device4initEl
                0x03806584       0x30 C:\Program Files (x86)\VEX Robotics\VEXcode Pro V5\sdk/vexv5\libv5rt.a(vex_device.cpp.obj)
                0x03806584                vex::device::init(long)
 .text._ZN3vex6deviceC2El
                0x038065b4       0x20 C:\Program Files (x86)\VEX Robotics\VEXcode Pro V5\sdk/vexv5\libv5rt.a(vex_device.cpp.obj)
                0x038065b4                vex::device::device(long)
                0x038065b4                vex::device::device(long)
 .text._ZN3vex6device4typeEv
                0x038065d4       0x10 C:\Program Files (x86)\VEX Robotics\VEXcode Pro V5\sdk/vexv5\libv5rt.a(vex_device.cpp.obj)
                0x038065d4                vex::device::type()
 .text._ZN3vex6device9installedEv
                0x038065e4       0x14 C:\Program Files (x86)\VEX Robotics\VEXcode Pro V5\sdk/vexv5\libv5rt.a(vex_device.cpp.obj)
                0x038065e4                vex::device::installed()
 .text.__libc_fini_array
                0x038065f8       0x30 C:\Program Files (x86)\VEX Robotics\VEXcode Pro V5\sdk/vexv5/gcc/libs\libc.a(lib_a-fini.o)
                0x038065f8                __libc_fini_array
 .text.__libc_init_array
                0x03806628       0x58 C:\Program Files (x86)\VEX Robotics\VEXcode Pro V5\sdk/vexv5/gcc/libs\libc.a(lib_a-init.o)
                0x03806628                __libc_init_array
 .text.tolower  0x03806680       0x1c C:\Program Files (x86)\VEX Robotics\VEXcode Pro V5\sdk/vexv5/gcc/libs\libc.a(lib_a-tolower.o)
                0x03806680                tolower
 *fill*         0x0380669c        0x4 
 .text.tolower.__stub
                0x038066a0       0x18 linker stubs
 *(.gnu.linkonce.t.*)
 *(.plt)
 *(.gnu_warning)
 *(.gcc_except_table)
 *(.glue_7)
 .glue_7        0x00000000        0x0 linker stubs
 *(.glue_7t)
 .glue_7t       0x00000000        0x0 linker stubs
 *(.vfp11_veneer)
 .vfp11_veneer  0x00000000        0x0 linker stubs
 *(.ARM.extab)
 *(.gnu.linkonce.armextab.*)

.v4_bx          0x038066b8        0x0
 .v4_bx         0x00000000        0x0 linker stubs

.iplt           0x038066b8        0x0
 .iplt          0x00000000        0x0 build/src/main.o

.init
 *(.init)

.fini
 *(.fini)

.rodata         0x038066b8      0x38d
                0x038066b8                __rodata_start = .
 *(.rodata)
 *(.rodata.*)
 .rodata.str1.1
                0x038066b8       0x4e build/src/main.o
 .rodata.str1.1
                0x03806706       0x2e C:\Program Files (x86)\VEX Robotics\VEXcode Pro V5\sdk/vexv5\libv5rt.a(v5_startup.c.obj)
 .rodata._ZN3vex6PORT20E
                0x03806734        0x4 C:\Program Files (x86)\VEX Robotics\VEXcode Pro V5\sdk/vexv5\libv5rt.a(vex_global.cpp.obj)
                0x03806734                vex::PORT20
 .rodata._ZN3vex3fwdE
                0x03806738        0x4 C:\Program Files (x86)\VEX Robotics\VEXcode Pro V5\sdk/vexv5\libv5rt.a(vex_global.cpp.obj)
                0x03806738                vex::fwd
 .rodata._ZN3vex5PORT3E
                0x0380673c        0x4 C:\Program Files (x86)\VEX Robotics\VEXcode Pro V5\sdk/vexv5\libv5rt.a(vex_global.cpp.obj)
                0x0380673c                vex::PORT3
 .rodata._ZN3vex5PORT1E
                0x03806740        0x4 C:\Program Files (x86)\VEX Robotics\VEXcode Pro V5\sdk/vexv5\libv5rt.a(vex_global.cpp.obj)
                0x03806740                vex::PORT1
 .rodata._ZN3vex7propXXLE
                0x03806744        0x4 C:\Program Files (x86)\VEX Robotics\VEXcode Pro V5\sdk/vexv5\libv5rt.a(vex_global.cpp.obj)
                0x03806744                vex::propXXL
 .rodata._ZN3vex7reverseE
                0x03806748        0x4 C:\Program Files (x86)\VEX Robotics\VEXcode Pro V5\sdk/vexv5\libv5rt.a(vex_global.cpp.obj)
                0x03806748                vex::reverse
 .rodata._ZN3vex6PORT10E
                0x0380674c        0x4 C:\Program Files (x86)\VEX Robotics\VEXcode Pro V5\sdk/vexv5\libv5rt.a(vex_global.cpp.obj)
                0x0380674c                vex::PORT10
 .rodata._ZN3vex5PORT5E
                0x03806750        0x4 C:\Program Files (x86)\VEX Robotics\VEXcode Pro V5\sdk/vexv5\libv5rt.a(vex_global.cpp.obj)
                0x03806750                vex::PORT5
 .rodata._ZN3vex11transparentE
                0x03806754        0x4 C:\Program Files (x86)\VEX Robotics\VEXcode Pro V5\sdk/vexv5\libv5rt.a(vex_global.cpp.obj)
                0x03806754                vex::transparent
 .rodata._ZN3vex7forwardE
                0x03806758        0x4 C:\Program Files (x86)\VEX Robotics\VEXcode Pro V5\sdk/vexv5\libv5rt.a(vex_global.cpp.obj)
                0x03806758                vex::forward
 .rodata._ZN3vex5whiteE
                0x0380675c        0x4 C:\Program Files (x86)\VEX Robotics\VEXcode Pro V5\sdk/vexv5\libv5rt.a(vex_global.cpp.obj)
                0x0380675c                vex::white
 .rodata._ZN3vex3pctE
                0x03806760        0x4 C:\Program Files (x86)\VEX Robotics\VEXcode Pro V5\sdk/vexv5\libv5rt.a(vex_global.cpp.obj)
                0x03806760                vex::pct
 .rodata._ZN3vex4msecE
                0x03806764        0x4 C:\Program Files (x86)\VEX Robotics\VEXcode Pro V5\sdk/vexv5\libv5rt.a(vex_global.cpp.obj)
                0x03806764                vex::msec
 .rodata._ZN3vex6PORT18E
                0x03806768        0x4 C:\Program Files (x86)\VEX Robotics\VEXcode Pro V5\sdk/vexv5\libv5rt.a(vex_global.cpp.obj)
                0x03806768                vex::PORT18
 .rodata._ZN3vex5PORT9E
                0x0380676c        0x4 C:\Program Files (x86)\VEX Robotics\VEXcode Pro V5\sdk/vexv5\libv5rt.a(vex_global.cpp.obj)
                0x0380676c                vex::PORT9
 .rodata._ZN3vex5PORT2E
                0x03806770        0x4 C:\Program Files (x86)\VEX Robotics\VEXcode Pro V5\sdk/vexv5\libv5rt.a(vex_global.cpp.obj)
                0x03806770                vex::PORT2
 .rodata._ZN3vex3rpmE
                0x03806774        0x4 C:\Program Files (x86)\VEX Robotics\VEXcode Pro V5\sdk/vexv5\libv5rt.a(vex_global.cpp.obj)
                0x03806774                vex::rpm
 .rodata._ZN3vex6PORT11E
                0x03806778        0x4 C:\Program Files (x86)\VEX Robotics\VEXcode Pro V5\sdk/vexv5\libv5rt.a(vex_global.cpp.obj)
                0x03806778                vex::PORT11
 .rodata._ZN3vex7primaryE
                0x0380677c        0x4 C:\Program Files (x86)\VEX Robotics\VEXcode Pro V5\sdk/vexv5\libv5rt.a(vex_global.cpp.obj)
                0x0380677c                vex::primary
 .rodata._ZN3vex3degE
                0x03806780        0x4 C:\Program Files (x86)\VEX Robotics\VEXcode Pro V5\sdk/vexv5\libv5rt.a(vex_global.cpp.obj)
                0x03806780                vex::deg
 .rodata._ZN3vex5greenE
                0x03806784        0x4 C:\Program Files (x86)\VEX Robotics\VEXcode Pro V5\sdk/vexv5\libv5rt.a(vex_global.cpp.obj)
                0x03806784                vex::green
 .rodata._ZN3vex5monoLE
                0x03806788        0x4 C:\Program Files (x86)\VEX Robotics\VEXcode Pro V5\sdk/vexv5\libv5rt.a(vex_global.cpp.obj)
                0x03806788                vex::monoL
 .rodata._ZN3vex7percentE
                0x0380678c        0x4 C:\Program Files (x86)\VEX Robotics\VEXcode Pro V5\sdk/vexv5\libv5rt.a(vex_global.cpp.obj)
                0x0380678c                vex::percent
 .rodata._ZN3vex6PORT15E
                0x03806790        0x4 C:\Program Files (x86)\VEX Robotics\VEXcode Pro V5\sdk/vexv5\libv5rt.a(vex_global.cpp.obj)
                0x03806790                vex::PORT15
 .rodata._ZN3vex6PORT19E
                0x03806794        0x4 C:\Program Files (x86)\VEX Robotics\VEXcode Pro V5\sdk/vexv5\libv5rt.a(vex_global.cpp.obj)
                0x03806794                vex::PORT19
 .rodata._ZN3vex7degreesE
                0x03806798        0x4 C:\Program Files (x86)\VEX Robotics\VEXcode Pro V5\sdk/vexv5\libv5rt.a(vex_global.cpp.obj)
                0x03806798                vex::degrees
 .rodata._ZN3vex6PORT22E
                0x0380679c        0x4 C:\Program Files (x86)\VEX Robotics\VEXcode Pro V5\sdk/vexv5\libv5rt.a(vex_global.cpp.obj)
                0x0380679c                vex::PORT22
 .rodata._ZN3vex5PORT7E
                0x038067a0        0x4 C:\Program Files (x86)\VEX Robotics\VEXcode Pro V5\sdk/vexv5\libv5rt.a(vex_global.cpp.obj)
                0x038067a0                vex::PORT7
 .rodata._ZN3vex6PORT16E
                0x038067a4        0x4 C:\Program Files (x86)\VEX Robotics\VEXcode Pro V5\sdk/vexv5\libv5rt.a(vex_global.cpp.obj)
                0x038067a4                vex::PORT16
 .rodata._ZN3vex8ratio6_1E
                0x038067a8        0x4 C:\Program Files (x86)\VEX Robotics\VEXcode Pro V5\sdk/vexv5\libv5rt.a(vex_global.cpp.obj)
                0x038067a8                vex::ratio6_1
 .rodata._ZN3vex2mmE
                0x038067ac        0x4 C:\Program Files (x86)\VEX Robotics\VEXcode Pro V5\sdk/vexv5\libv5rt.a(vex_global.cpp.obj)
                0x038067ac                vex::mm
 .rodata._ZN3vex5brakeE
                0x038067b0        0x4 C:\Program Files (x86)\VEX Robotics\VEXcode Pro V5\sdk/vexv5\libv5rt.a(vex_global.cpp.obj)
                0x038067b0                vex::brake
 .rodata._ZN3vex5coastE
                0x038067b4        0x4 C:\Program Files (x86)\VEX Robotics\VEXcode Pro V5\sdk/vexv5\libv5rt.a(vex_global.cpp.obj)
                0x038067b4                vex::coast
 .rodata._ZN3vex5PORT4E
                0x038067b8        0x4 C:\Program Files (x86)\VEX Robotics\VEXcode Pro V5\sdk/vexv5\libv5rt.a(vex_global.cpp.obj)
                0x038067b8                vex::PORT4
 .rodata._ZN3vex6PORT17E
                0x038067bc        0x4 C:\Program Files (x86)\VEX Robotics\VEXcode Pro V5\sdk/vexv5\libv5rt.a(vex_global.cpp.obj)
                0x038067bc                vex::PORT17
 .rodata._ZTVN3vex5motorE
                0x038067c0       0x18 C:\Program Files (x86)\VEX Robotics\VEXcode Pro V5\sdk/vexv5\libv5rt.a(vex_motor.cpp.obj)
                0x038067c0                vtable for vex::motor
 .rodata._ZTVN3vex6visionE
                0x038067d8       0x18 C:\Program Files (x86)\VEX Robotics\VEXcode Pro V5\sdk/vexv5\libv5rt.a(vex_vision.cpp.obj)
                0x038067d8                vtable for vex::vision
 .rodata._ZTVN3vex8inertialE
                0x038067f0       0x60 C:\Program Files (x86)\VEX Robotics\VEXcode Pro V5\sdk/vexv5\libv5rt.a(vex_imu.cpp.obj)
                0x038067f0                vtable for vex::inertial
 .rodata._ZTVN3vex7opticalE
                0x03806850       0x18 C:\Program Files (x86)\VEX Robotics\VEXcode Pro V5\sdk/vexv5\libv5rt.a(vex_optical.cpp.obj)
                0x03806850                vtable for vex::optical
 .rodata._ZTVN3vex8distanceE
                0x03806868       0x18 C:\Program Files (x86)\VEX Robotics\VEXcode Pro V5\sdk/vexv5\libv5rt.a(vex_distance.cpp.obj)
                0x03806868                vtable for vex::distance
 .rodata.CSWTCH.16
                0x03806880        0xb C:\Program Files (x86)\VEX Robotics\VEXcode Pro V5\sdk/vexv5\libv5rt.a(vex_controller.cpp.obj)
 .rodata.CSWTCH.18
                0x0380688b        0xb C:\Program Files (x86)\VEX Robotics\VEXcode Pro V5\sdk/vexv5\libv5rt.a(vex_controller.cpp.obj)
 .rodata.CSWTCH.24
                0x03806896        0x3 C:\Program Files (x86)\VEX Robotics\VEXcode Pro V5\sdk/vexv5\libv5rt.a(vex_controller.cpp.obj)
 .rodata.str1.1
                0x03806899       0x14 C:\Program Files (x86)\VEX Robotics\VEXcode Pro V5\sdk/vexv5\libv5rt.a(vex_task.cpp.obj)
 .rodata.str1.1
                0x038068ad       0x14 C:\Program Files (x86)\VEX Robotics\VEXcode Pro V5\sdk/vexv5\libv5rt.a(vex_thread.cpp.obj)
 .rodata.str1.1
                0x038068c1       0x2d C:\Program Files (x86)\VEX Robotics\VEXcode Pro V5\sdk/vexv5\libv5rt.a(vex_brain.cpp.obj)
 .rodata.CSWTCH.36
                0x038068ee       0x10 C:\Program Files (x86)\VEX Robotics\VEXcode Pro V5\sdk/vexv5\libv5rt.a(vex_triport.cpp.obj)
 *fill*         0x038068fe        0x2 
 .rodata._ZTVN3vex7triportE
                0x03806900       0x18 C:\Program Files (x86)\VEX Robotics\VEXcode Pro V5\sdk/vexv5\libv5rt.a(vex_triport.cpp.obj)
                0x03806900                vtable for vex::triport
 .rodata.CSWTCH.31
                0x03806918        0xe C:\Program Files (x86)\VEX Robotics\VEXcode Pro V5\sdk/vexv5\libv5rt.a(vex_triport.cpp.obj)
 *fill*         0x03806926        0x2 
 .rodata._ZTVN3vex6deviceE
                0x03806928       0x18 C:\Program Files (x86)\VEX Robotics\VEXcode Pro V5\sdk/vexv5\libv5rt.a(vex_device.cpp.obj)
                0x03806928                vtable for vex::device
 .rodata.str1.4
                0x03806940        0x4 C:\Program Files (x86)\VEX Robotics\VEXcode Pro V5\sdk/vexv5/gcc/libs\libc.a(lib_a-impure.o)
                                  0x2 (size before relaxing)
 .rodata._ctype_
                0x03806944      0x101 C:\Program Files (x86)\VEX Robotics\VEXcode Pro V5\sdk/vexv5/gcc/libs\libc.a(lib_a-ctype_.o)
                0x03806944                _ctype_
 *(.gnu.linkonce.r.*)
                0x03806a45                __rodata_end = .

.rodata1        0x03806a45        0x0
                0x03806a45                __rodata1_start = .
 *(.rodata1)
 *(.rodata1.*)
                0x03806a45                __rodata1_end = .

.sdata2         0x03806a45        0x0
                0x03806a45                __sdata2_start = .
 *(.sdata2)
 *(.sdata2.*)
 *(.gnu.linkonce.s2.*)
                0x03806a45                __sdata2_end = .

.sbss2          0x03806a45        0x0
                0x03806a45                __sbss2_start = .
 *(.sbss2)
 *(.sbss2.*)
 *(.gnu.linkonce.sb2.*)
                0x03806a45                __sbss2_end = .

.data           0x03806a48      0x440
                0x03806a48                __data_start = .
 *(.data)
 *(.data.*)
 .data.appRunning
                0x03806a48        0x4 C:\Program Files (x86)\VEX Robotics\VEXcode Pro V5\sdk/vexv5\libv5rt.a(v5_startup.c.obj)
                0x03806a48                appRunning
 .data.__yoff   0x03806a4c        0x4 C:\Program Files (x86)\VEX Robotics\VEXcode Pro V5\sdk/vexv5\libv5rt.a(v5_apijump.c.obj)
 .data._ZN3vex24__default_motor_velocityE
                0x03806a50        0x4 C:\Program Files (x86)\VEX Robotics\VEXcode Pro V5\sdk/vexv5\libv5rt.a(vex_motor.cpp.obj)
                0x03806a50                vex::__default_motor_velocity
 *fill*         0x03806a54        0x4 
 .data.impure_data
                0x03806a58      0x428 C:\Program Files (x86)\VEX Robotics\VEXcode Pro V5\sdk/vexv5/gcc/libs\libc.a(lib_a-impure.o)
 .data._impure_ptr
                0x03806e80        0x4 C:\Program Files (x86)\VEX Robotics\VEXcode Pro V5\sdk/vexv5/gcc/libs\libc.a(lib_a-impure.o)
                0x03806e80                _impure_ptr
 .data.__ctype_ptr__
                0x03806e84        0x4 C:\Program Files (x86)\VEX Robotics\VEXcode Pro V5\sdk/vexv5/gcc/libs\libc.a(lib_a-ctype_.o)
                0x03806e84                __ctype_ptr__
 *(.gnu.linkonce.d.*)
 *(.jcr)
 *(.got)
 *(.got.plt)
                0x03806e88                __data_end = .

.igot.plt       0x03806e88        0x0
 .igot.plt      0x00000000        0x0 build/src/main.o

.data1          0x03806e88        0x0
                0x03806e88                __data1_start = .
 *(.data1)
 *(.data1.*)
                0x03806e88                __data1_end = .

.got
 *(.got)

.ctors          0x03806e88        0x0
                0x03806e88                __CTOR_LIST__ = .
                0x03806e88                ___CTORS_LIST___ = .
 *crtbegin.o(.ctors)
 *(EXCLUDE_FILE(*crtend.o) .ctors)
 *(SORT(.ctors.*))
 *(.ctors)
                0x03806e88                __CTOR_END__ = .
                0x03806e88                ___CTORS_END___ = .

.dtors          0x03806e88        0x0
                0x03806e88                __DTOR_LIST__ = .
                0x03806e88                ___DTORS_LIST___ = .
 *crtbegin.o(.dtors)
 *(EXCLUDE_FILE(*crtend.o) .dtors)
 *(SORT(.dtors.*))
 *(.dtors)
                0x03806e88                __DTOR_END__ = .
                0x03806e88                ___DTORS_END___ = .

.fixup          0x03806e88        0x0
                0x03806e88                __fixup_start = .
 *(.fixup)
                0x03806e88                __fixup_end = .

.eh_frame
 *(.eh_frame)

.eh_framehdr    0x03806e88        0x0
                0x03806e88                __eh_framehdr_start = .
 *(.eh_framehdr)
                0x03806e88                __eh_framehdr_end = .

.gcc_except_table
 *(.gcc_except_table)

.mmu_tbl        0x03808000        0x0
                0x03808000                __mmu_tbl_start = .
 *(.mmu_tbl)
                0x03808000                __mmu_tbl_end = .

.ARM.exidx      0x03806e88        0x8
                0x03806e88                __exidx_start = .
 *(.ARM.exidx*)
 .ARM.exidx.text._Z10autonomousv
                0x03806e88        0x8 build/src/main.o
 .ARM.exidx.text._Z15betterBallColorv
                0x03806e90        0x0 build/src/main.o
                                  0x8 (size before relaxing)
 .ARM.exidx.text._Z11brainScreenv
                0x03806e90        0x0 build/src/main.o
                                  0x8 (size before relaxing)
 .ARM.exidx.text._Z9pre_autonv
                0x03806e90        0x0 build/src/main.o
                                  0x8 (size before relaxing)
 .ARM.exidx.text._Z8buttonL1v
                0x03806e90        0x0 build/src/main.o
                                  0x8 (size before relaxing)
 .ARM.exidx.text._Z8buttonL2v
                0x03806e90        0x0 build/src/main.o
                                  0x8 (size before relaxing)
 .ARM.exidx.text._Z8buttonR1v
                0x03806e90        0x0 build/src/main.o
                                  0x8 (size before relaxing)
 .ARM.exidx.text._Z8buttonR2v
                0x03806e90        0x0 build/src/main.o
                                  0x8 (size before relaxing)
 .ARM.exidx.text._Z11usercontrolv
                0x03806e90        0x0 build/src/main.o
                                  0x8 (size before relaxing)
 .ARM.exidx.text.main
                0x03806e90        0x0 build/src/main.o
                                  0x8 (size before relaxing)
 .ARM.exidx.text._GLOBAL__sub_I_main.cpp
                0x03806e90        0x0 build/src/main.o
                                  0x8 (size before relaxing)
 .ARM.exidx.text._Z6avgEncv
                0x03806e90        0x0 build/src/autoFunctions.o
                                  0x8 (size before relaxing)
 .ARM.exidx.text._Z8resetEncv
                0x03806e90        0x0 build/src/autoFunctions.o
                                  0x8 (size before relaxing)
 .ARM.exidx.text._Z10DriveBreakv
                0x03806e90        0x0 build/src/autoFunctions.o
                                  0x8 (size before relaxing)
 .ARM.exidx.text._Z14Inertial_resetv
                0x03806e90        0x0 build/src/autoFunctions.o
                                  0x8 (size before relaxing)
 .ARM.exidx.text._Z17Inertail_rotationv
                0x03806e90        0x0 build/src/autoFunctions.o
                                  0x8 (size before relaxing)
 .ARM.exidx.text._Z15ForwardIntakePDdfffd
                0x03806e90        0x0 build/src/autoFunctions.o
                                  0x8 (size before relaxing)
 .ARM.exidx.text._Z10BackwardPDdffd
                0x03806e90        0x0 build/src/autoFunctions.o
                                  0x8 (size before relaxing)
 .ARM.exidx.text._Z11BackwardNPDdffd
                0x03806e90        0x0 build/src/autoFunctions.o
                                  0x8 (size before relaxing)
 .ARM.exidx.text._Z11TurnRightPDdff
                0x03806e90        0x0 build/src/autoFunctions.o
                                  0x8 (size before relaxing)
 .ARM.exidx.text._Z6insucki
                0x03806e90        0x0 build/src/autoFunctions.o
                                  0x8 (size before relaxing)
 .ARM.exidx.text._Z7flipouti
                0x03806e90        0x0 build/src/autoFunctions.o
                                  0x8 (size before relaxing)
 .ARM.exidx.text._Z6cycleMi
                0x03806e90        0x0 build/src/autoFunctions.o
                                  0x8 (size before relaxing)
 .ARM.exidx.text._Z19SlipForwardIntakePDdfffdd
                0x03806e90        0x0 build/src/autoFunctions.o
                                  0x8 (size before relaxing)
 .ARM.exidx.text._Z23distanceForwardIntakePDdfffd
                0x03806e90        0x0 build/src/autoFunctions.o
                                  0x8 (size before relaxing)
 .ARM.exidx.text._Z11vexcodeInitv
                0x03806e90        0x0 build/src/robot-config.o
                                  0x8 (size before relaxing)
 .ARM.exidx.text._GLOBAL__sub_I_robot_config.cpp
                0x03806e90        0x0 build/src/robot-config.o
                                  0x8 (size before relaxing)
 .ARM.exidx.text._ZN3vex6visionC2IJNS0_9signatureES2_S2_S2_S2_S2_S2_EEElhDpRT_
                0x03806e90        0x0 build/src/finalAuto.o
                                  0x8 (size before relaxing)
 .ARM.exidx.text._Z7worldsWv
                0x03806e90        0x0 build/src/finalAuto.o
                                  0x8 (size before relaxing)
 .ARM.exidx.text._ZN3vex6vision7_setsigINS0_9signatureEJS2_S2_S2_S2_EEEvRT_DpRT0_
                0x03806e90        0x0 build/src/finalAuto.o
                                  0x8 (size before relaxing)
 .ARM.exidx.text._GLOBAL__sub_I_finalAuto.cpp